Component: ARM Compiler 5.06 update 6 (build 750) Tool: armlink [4d35ed]

==============================================================================

Section Cross References

    startup_stm32f446xx.o(RESET) refers to startup_stm32f446xx.o(STACK) for __initial_sp
    startup_stm32f446xx.o(RESET) refers to startup_stm32f446xx.o(.text) for Reset_Handler
    startup_stm32f446xx.o(RESET) refers to stm32f4xx_it.o(i.SVC_Handler) for SVC_Handler
    startup_stm32f446xx.o(RESET) refers to stm32f4xx_it.o(i.PendSV_Handler) for PendSV_Handler
    startup_stm32f446xx.o(RESET) refers to stm32f4xx_it.o(i.SysTick_Handler) for SysTick_Handler
    startup_stm32f446xx.o(RESET) refers to stm32f4xx_it.o(i.DMA1_Stream6_IRQHandler) for DMA1_Stream6_IRQHandler
    startup_stm32f446xx.o(RESET) refers to stm32f4xx_it.o(i.TIM2_IRQHandler) for TIM2_IRQHandler
    startup_stm32f446xx.o(RESET) refers to stm32f4xx_it.o(i.TIM3_IRQHandler) for TIM3_IRQHandler
    startup_stm32f446xx.o(RESET) refers to stm32f4xx_it.o(i.TIM4_IRQHandler) for TIM4_IRQHandler
    startup_stm32f446xx.o(RESET) refers to stm32f4xx_it.o(i.DMA1_Stream7_IRQHandler) for DMA1_Stream7_IRQHandler
    startup_stm32f446xx.o(.text) refers to system_stm32f4xx.o(i.SystemInit) for SystemInit
    startup_stm32f446xx.o(.text) refers to entry.o(.ARM.Collect$$$$00000000) for __main
    lcd_v2.o(i.GPIO_Init) refers to stm32f4xx_hal_gpio.o(i.HAL_GPIO_Init) for HAL_GPIO_Init
    lcd_v2.o(i.LCD_Begin) refers to lcd_v2.o(i.GPIO_Init) for GPIO_Init
    lcd_v2.o(i.LCD_Begin) refers to lcd_v2.o(i.LCD_Reset) for LCD_Reset
    lcd_v2.o(i.LCD_Begin) refers to stm32f4xx_hal_gpio.o(i.HAL_GPIO_WritePin) for HAL_GPIO_WritePin
    lcd_v2.o(i.LCD_Begin) refers to lcd_v2.o(i.LCD_Register_Init) for LCD_Register_Init
    lcd_v2.o(i.LCD_Begin) refers to lcd_v2.o(i.LCD_SetRotation) for LCD_SetRotation
    lcd_v2.o(i.LCD_Begin) refers to lcd_v2.o(i.LCD_SetAddrWindow) for LCD_SetAddrWindow
    lcd_v2.o(i.LCD_Begin) refers to lcd_v2.o(.data) for m_width
    lcd_v2.o(i.LCD_DrawChar) refers to lcd_v2.o(i.LCD_DrawPixel) for LCD_DrawPixel
    lcd_v2.o(i.LCD_DrawChar) refers to lcd_v2.o(i.LCD_FillRect) for LCD_FillRect
    lcd_v2.o(i.LCD_DrawChar) refers to lcd_v2.o(.data) for m_width
    lcd_v2.o(i.LCD_DrawChar) refers to lcd_v2.o(.constdata) for font
    lcd_v2.o(i.LCD_DrawCircle) refers to lcd_v2.o(i.LCD_DrawPixel) for LCD_DrawPixel
    lcd_v2.o(i.LCD_DrawCircleHelper) refers to lcd_v2.o(i.LCD_DrawPixel) for LCD_DrawPixel
    lcd_v2.o(i.LCD_DrawFastHLine) refers to lcd_v2.o(i.LCD_SetAddrWindow) for LCD_SetAddrWindow
    lcd_v2.o(i.LCD_DrawFastHLine) refers to lcd_v2.o(i.LCD_Flood) for LCD_Flood
    lcd_v2.o(i.LCD_DrawFastHLine) refers to lcd_v2.o(.data) for m_height
    lcd_v2.o(i.LCD_DrawFastVLine) refers to lcd_v2.o(i.LCD_DrawLine) for LCD_DrawLine
    lcd_v2.o(i.LCD_DrawLine) refers to lcd_v2.o(i.LCD_DrawPixel) for LCD_DrawPixel
    lcd_v2.o(i.LCD_DrawPixel) refers to stm32f4xx_hal_gpio.o(i.HAL_GPIO_WritePin) for HAL_GPIO_WritePin
    lcd_v2.o(i.LCD_DrawPixel) refers to lcd_v2.o(i.LCD_WriteRegister16) for LCD_WriteRegister16
    lcd_v2.o(i.LCD_DrawPixel) refers to lcd_v2.o(.data) for m_rotation
    lcd_v2.o(i.LCD_DrawRect) refers to lcd_v2.o(i.LCD_DrawFastHLine) for LCD_DrawFastHLine
    lcd_v2.o(i.LCD_DrawRect) refers to lcd_v2.o(i.LCD_DrawFastVLine) for LCD_DrawFastVLine
    lcd_v2.o(i.LCD_DrawRoundRect) refers to lcd_v2.o(i.LCD_DrawFastHLine) for LCD_DrawFastHLine
    lcd_v2.o(i.LCD_DrawRoundRect) refers to lcd_v2.o(i.LCD_DrawFastVLine) for LCD_DrawFastVLine
    lcd_v2.o(i.LCD_DrawRoundRect) refers to lcd_v2.o(i.LCD_DrawCircleHelper) for LCD_DrawCircleHelper
    lcd_v2.o(i.LCD_FillCircle) refers to lcd_v2.o(i.LCD_DrawFastVLine) for LCD_DrawFastVLine
    lcd_v2.o(i.LCD_FillCircle) refers to lcd_v2.o(i.LCD_FillCircleHelper) for LCD_FillCircleHelper
    lcd_v2.o(i.LCD_FillCircleHelper) refers to lcd_v2.o(i.LCD_DrawFastVLine) for LCD_DrawFastVLine
    lcd_v2.o(i.LCD_FillRect) refers to lcd_v2.o(i.LCD_SetAddrWindow) for LCD_SetAddrWindow
    lcd_v2.o(i.LCD_FillRect) refers to lcd_v2.o(i.LCD_Flood) for LCD_Flood
    lcd_v2.o(i.LCD_FillRect) refers to lcd_v2.o(.data) for m_width
    lcd_v2.o(i.LCD_FillRoundRect) refers to lcd_v2.o(i.LCD_FillRect) for LCD_FillRect
    lcd_v2.o(i.LCD_FillRoundRect) refers to lcd_v2.o(i.LCD_FillCircleHelper) for LCD_FillCircleHelper
    lcd_v2.o(i.LCD_FillScreen) refers to stm32f4xx_hal_gpio.o(i.HAL_GPIO_WritePin) for HAL_GPIO_WritePin
    lcd_v2.o(i.LCD_FillScreen) refers to lcd_v2.o(i.LCD_WriteRegister16) for LCD_WriteRegister16
    lcd_v2.o(i.LCD_FillScreen) refers to lcd_v2.o(i.LCD_Flood) for LCD_Flood
    lcd_v2.o(i.LCD_FillScreen) refers to lcd_v2.o(.data) for m_rotation
    lcd_v2.o(i.LCD_Flood) refers to stm32f4xx_hal_gpio.o(i.HAL_GPIO_WritePin) for HAL_GPIO_WritePin
    lcd_v2.o(i.LCD_Flood) refers to lcd_v2.o(i.LCD_Write8) for LCD_Write8
    lcd_v2.o(i.LCD_Flood) refers to lcd_v2.o(i.delay) for delay
[...]
    ..\Src\stm32f4xx_it.c                    0x00000000   Number         0  stm32f4xx_it.o ABSOLUTE
    ..\Src\tim.c                             0x00000000   Number         0  tim.o ABSOLUTE
    ..\Src\usart.c                           0x00000000   Number         0  usart.o ABSOLUTE
    ..\\Src\\LCD_v2.c                        0x00000000   Number         0  lcd_v2.o ABSOLUTE
    ..\\Src\system_stm32f4xx.c               0x00000000   Number         0  system_stm32f4xx.o ABSOLUTE
    cdrcmple.s                               0x00000000   Number         0  cdrcmple.o ABSOLUTE
    dc.s                                     0x00000000   Number         0  dc.o ABSOLUTE
    handlers.s                               0x00000000   Number         0  handlers.o ABSOLUTE
    init.s                                   0x00000000   Number         0  init.o ABSOLUTE
    startup_stm32f446xx.s                    0x00000000   Number         0  startup_stm32f446xx.o ABSOLUTE
    RESET                                    0x08000000   Section      452  startup_stm32f446xx.o(RESET)
    .ARM.Collect$$$$00000000                 0x080001c4   Section        0  entry.o(.ARM.Collect$$$$00000000)
    .ARM.Collect$$$$00000001                 0x080001c4   Section        4  entry2.o(.ARM.Collect$$$$00000001)
    .ARM.Collect$$$$00000004                 0x080001c8   Section        4  entry5.o(.ARM.Collect$$$$00000004)
    .ARM.Collect$$$$00000008                 0x080001cc   Section        0  entry7b.o(.ARM.Collect$$$$00000008)
    .ARM.Collect$$$$0000000A                 0x080001cc   Section        0  entry8b.o(.ARM.Collect$$$$0000000A)
    .ARM.Collect$$$$0000000B                 0x080001cc   Section        8  entry9a.o(.ARM.Collect$$$$0000000B)
    .ARM.Collect$$$$0000000D                 0x080001d4   Section        0  entry10a.o(.ARM.Collect$$$$0000000D)
    .ARM.Collect$$$$0000000F                 0x080001d4   Section        0  entry11a.o(.ARM.Collect$$$$0000000F)
    .ARM.Collect$$$$00002712                 0x080001d4   Section        4  entry2.o(.ARM.Collect$$$$00002712)
    __lit__00000000                          0x080001d4   Data           4  entry2.o(.ARM.Collect$$$$00002712)
    .text                                    0x080001d8   Section       36  startup_stm32f446xx.o(.text)
    $v0                                      0x080001d8   Number         0  startup_stm32f446xx.o(.text)
    .text                                    0x080001fc   Section        0  uldiv.o(.text)
    .text                                    0x0800025e   Section        0  f2d.o(.text)
    .text                                    0x08000284   Section        0  uidiv.o(.text)
    .text                                    0x080002b0   Section        0  llshl.o(.text)
    .text                                    0x080002ce   Section        0  llushr.o(.text)
    .text                                    0x080002ee   Section        0  dadd.o(.text)
    .text                                    0x080002ee   Section        0  iusefp.o(.text)
    .text                                    0x0800043c   Section        0  dmul.o(.text)
    .text                                    0x08000520   Section        0  ddiv.o(.text)
    .text                                    0x080005fe   Section        0  dfixul.o(.text)
    .text                                    0x08000630   Section       48  cdrcmple.o(.text)
    .text                                    0x08000660   Section        0  fpstat.o(.text)
    .text                                    0x08000664   Section       36  init.o(.text)
    .text                                    0x08000688   Section        0  llsshr.o(.text)
    .text                                    0x080006ac   Section        0  depilogue.o(.text)
    i.DAC_DMAConvCpltCh1                     0x08000766   Section        0  stm32f4xx_hal_dac.o(i.DAC_DMAConvCpltCh1)
    DAC_DMAConvCpltCh1                       0x08000767   Thumb Code    16  stm32f4xx_hal_dac.o(i.DAC_DMAConvCpltCh1)
    i.DAC_DMAConvCpltCh2                     0x08000776   Section        0  stm32f4xx_hal_dac_ex.o(i.DAC_DMAConvCpltCh2)
    i.DAC_DMAErrorCh1                        0x08000786   Section        0  stm32f4xx_hal_dac.o(i.DAC_DMAErrorCh1)
    DAC_DMAErrorCh1                          0x08000787   Thumb Code    24  stm32f4xx_hal_dac.o(i.DAC_DMAErrorCh1)
    i.DAC_DMAErrorCh2                        0x0800079e   Section        0  stm32f4xx_hal_dac_ex.o(i.DAC_DMAErrorCh2)
    i.DAC_DMAHalfConvCpltCh1                 0x080007b6   Section        0  stm32f4xx_hal_dac.o(i.DAC_DMAHalfConvCpltCh1)
    DAC_DMAHalfConvCpltCh1                   0x080007b7   Thumb Code    10  stm32f4xx_hal_dac.o(i.DAC_DMAHalfConvCpltCh1)
    i.DAC_DMAHalfConvCpltCh2                 0x080007c0   Section        0  stm32f4xx_hal_dac_ex.o(i.DAC_DMAHalfConvCpltCh2)
    i.DMA1_Stream6_IRQHandler                0x080007cc   Section        0  stm32f4xx_it.o(i.DMA1_Stream6_IRQHandler)
    i.DMA1_Stream7_IRQHandler                0x080007d8   Section        0  stm32f4xx_it.o(i.DMA1_Stream7_IRQHandler)
    i.DMA_CalcBaseAndBitshift                0x080007e4   Section        0  stm32f4xx_hal_dma.o(i.DMA_CalcBaseAndBitshift)
    DMA_CalcBaseAndBitshift                  0x080007e5   Thumb Code    34  stm32f4xx_hal_dma.o(i.DMA_CalcBaseAndBitshift)
    i.DMA_CheckFifoParam                     0x0800080c   Section        0  stm32f4xx_hal_dma.o(i.DMA_CheckFifoParam)
    DMA_CheckFifoParam                       0x0800080d   Thumb Code    84  stm32f4xx_hal_dma.o(i.DMA_CheckFifoParam)
    i.DMA_SetConfig                          0x08000860   Section        0  stm32f4xx_hal_dma.o(i.DMA_SetConfig)
    DMA_SetConfig                            0x08000861   Thumb Code    40  stm32f4xx_hal_dma.o(i.DMA_SetConfig)
    i.DerroulementMenu                       0x08000888   Section        0  main.o(i.DerroulementMenu)
    i.GPIO_Init                              0x08000978   Section        0  lcd_v2.o(i.GPIO_Init)
    GPIO_Init                                0x08000979   Thumb Code   170  lcd_v2.o(i.GPIO_Init)
    i.HAL_DACEx_ConvCpltCallbackCh2          0x08000a34   Section        0  main.o(i.HAL_DACEx_ConvCpltCallbackCh2)
    i.HAL_DACEx_ConvHalfCpltCallbackCh2      0x08000a40   Section        0  stm32f4xx_hal_dac_ex.o(i.HAL_DACEx_ConvHalfCpltCallbackCh2)
    i.HAL_DACEx_ErrorCallbackCh2             0x08000a42   Section        0  stm32f4xx_hal_dac_ex.o(i.HAL_DACEx_ErrorCallbackCh2)
    i.HAL_DAC_ConfigChannel                  0x08000a44   Section        0  stm32f4xx_hal_dac.o(i.HAL_DAC_ConfigChannel)
    i.HAL_DAC_ConvCpltCallbackCh1            0x08000a86   Section        0  stm32f4xx_hal_dac.o(i.HAL_DAC_ConvCpltCallbackCh1)
    i.HAL_DAC_ConvHalfCpltCallbackCh1        0x08000a88   Section        0  stm32f4xx_hal_dac.o(i.HAL_DAC_ConvHalfCpltCallbackCh1)
    i.HAL_DAC_ErrorCallbackCh1               0x08000a8a   Section        0  stm32f4xx_hal_dac.o(i.HAL_DAC_ErrorCallbackCh1)
    i.HAL_DAC_Init                           0x08000a8c   Section        0  stm32f4xx_hal_dac.o(i.HAL_DAC_Init)
    i.HAL_DAC_MspInit                        0x08000ab4   Section        0  dac.o(i.HAL_DAC_MspInit)
    i.HAL_DAC_Start_DMA                      0x08000b4c   Section        0  stm32f4xx_hal_dac.o(i.HAL_DAC_Start_DMA)
    i.HAL_DMA_IRQHandler                     0x08000c4c   Section        0  stm32f4xx_hal_dma.o(i.HAL_DMA_IRQHandler)
    i.HAL_DMA_Init                           0x08000dec   Section        0  stm32f4xx_hal_dma.o(i.HAL_DMA_Init)
    i.HAL_DMA_Start_IT                       0x08000ec0   Section        0  stm32f4xx_hal_dma.o(i.HAL_DMA_Start_IT)
    i.HAL_Delay                              0x08000f38   Section        0  stm32f4xx_hal.o(i.HAL_Delay)
    i.HAL_GPIO_Init                          0x08000f5c   Section        0  stm32f4xx_hal_gpio.o(i.HAL_GPIO_Init)
    i.HAL_GPIO_ReadPin                       0x08001100   Section        0  stm32f4xx_hal_gpio.o(i.HAL_GPIO_ReadPin)
    i.HAL_GPIO_WritePin                      0x0800110a   Section        0  stm32f4xx_hal_gpio.o(i.HAL_GPIO_WritePin)
    i.HAL_GetTick                            0x08001114   Section        0  stm32f4xx_hal.o(i.HAL_GetTick)
    i.HAL_IncTick                            0x08001120   Section        0  stm32f4xx_hal.o(i.HAL_IncTick)
    i.HAL_Init                               0x08001130   Section        0  stm32f4xx_hal.o(i.HAL_Init)
    i.HAL_InitTick                           0x08001164   Section        0  stm32f4xx_hal.o(i.HAL_InitTick)
    i.HAL_MspInit                            0x080011a4   Section        0  stm32f4xx_hal_msp.o(i.HAL_MspInit)
    i.HAL_NVIC_EnableIRQ                     0x08001228   Section        0  stm32f4xx_hal_cortex.o(i.HAL_NVIC_EnableIRQ)
    i.HAL_NVIC_SetPriority                   0x08001240   Section        0  stm32f4xx_hal_cortex.o(i.HAL_NVIC_SetPriority)
    i.HAL_NVIC_SetPriorityGrouping           0x08001280   Section        0  stm32f4xx_hal_cortex.o(i.HAL_NVIC_SetPriorityGrouping)
    i.HAL_RCC_ClockConfig                    0x080012a4   Section        0  stm32f4xx_hal_rcc.o(i.HAL_RCC_ClockConfig)
    i.HAL_RCC_GetHCLKFreq                    0x080013d4   Section        0  stm32f4xx_hal_rcc.o(i.HAL_RCC_GetHCLKFreq)
    i.HAL_RCC_GetPCLK1Freq                   0x080013e0   Section        0  stm32f4xx_hal_rcc.o(i.HAL_RCC_GetPCLK1Freq)
    i.HAL_RCC_GetPCLK2Freq                   0x08001400   Section        0  stm32f4xx_hal_rcc.o(i.HAL_RCC_GetPCLK2Freq)
    i.HAL_RCC_GetSysClockFreq                0x08001420   Section        0  stm32f4xx_hal_rcc_ex.o(i.HAL_RCC_GetSysClockFreq)
    i.HAL_RCC_OscConfig                      0x080014b4   Section        0  stm32f4xx_hal_rcc_ex.o(i.HAL_RCC_OscConfig)
    i.HAL_SYSTICK_CLKSourceConfig            0x080017f8   Section        0  stm32f4xx_hal_cortex.o(i.HAL_SYSTICK_CLKSourceConfig)
    i.HAL_SYSTICK_Callback                   0x08001810   Section        0  stm32f4xx_hal_cortex.o(i.HAL_SYSTICK_Callback)
    i.HAL_SYSTICK_Config                     0x08001812   Section        0  stm32f4xx_hal_cortex.o(i.HAL_SYSTICK_Config)
    i.HAL_SYSTICK_IRQHandler                 0x0800183a   Section        0  stm32f4xx_hal_cortex.o(i.HAL_SYSTICK_IRQHandler)
    i.HAL_TIMEx_BreakCallback                0x08001842   Section        0  stm32f4xx_hal_tim_ex.o(i.HAL_TIMEx_BreakCallback)
    i.HAL_TIMEx_CommutationCallback          0x08001844   Section        0  stm32f4xx_hal_tim_ex.o(i.HAL_TIMEx_CommutationCallback)
    i.HAL_TIMEx_MasterConfigSynchronization  0x08001846   Section        0  stm32f4xx_hal_tim_ex.o(i.HAL_TIMEx_MasterConfigSynchronization)
    i.HAL_TIM_Base_Init                      0x08001896   Section        0  stm32f4xx_hal_tim.o(i.HAL_TIM_Base_Init)
    i.HAL_TIM_Base_MspInit                   0x080018cc   Section        0  tim.o(i.HAL_TIM_Base_MspInit)
    i.HAL_TIM_Base_Start_IT                  0x080019c0   Section        0  stm32f4xx_hal_tim.o(i.HAL_TIM_Base_Start_IT)
    i.HAL_TIM_ConfigClockSource              0x080019d8   Section        0  stm32f4xx_hal_tim.o(i.HAL_TIM_ConfigClockSource)
    i.HAL_TIM_ErrorCallback                  0x08001aca   Section        0  stm32f4xx_hal_tim.o(i.HAL_TIM_ErrorCallback)
    i.HAL_TIM_IC_CaptureCallback             0x08001acc   Section        0  main.o(i.HAL_TIM_IC_CaptureCallback)
    i.HAL_TIM_IC_ConfigChannel               0x08001ae0   Section        0  stm32f4xx_hal_tim.o(i.HAL_TIM_IC_ConfigChannel)
    i.HAL_TIM_IC_Init                        0x08001bfe   Section        0  stm32f4xx_hal_tim.o(i.HAL_TIM_IC_Init)
    i.HAL_TIM_IC_MspInit                     0x08001c34   Section        0  stm32f4xx_hal_tim.o(i.HAL_TIM_IC_MspInit)
    i.HAL_TIM_IC_Start_DMA                   0x08001c38   Section        0  stm32f4xx_hal_tim.o(i.HAL_TIM_IC_Start_DMA)
    i.HAL_TIM_IRQHandler                     0x08001d00   Section        0  stm32f4xx_hal_tim.o(i.HAL_TIM_IRQHandler)
    i.HAL_TIM_MspPostInit                    0x08001e68   Section        0  tim.o(i.HAL_TIM_MspPostInit)
    i.HAL_TIM_OC_DelayElapsedCallback        0x08001e98   Section        0  stm32f4xx_hal_tim.o(i.HAL_TIM_OC_DelayElapsedCallback)
    i.HAL_TIM_PWM_ConfigChannel              0x08001e9a   Section        0  stm32f4xx_hal_tim.o(i.HAL_TIM_PWM_ConfigChannel)
    i.HAL_TIM_PWM_Init                       0x08001f6a   Section        0  stm32f4xx_hal_tim.o(i.HAL_TIM_PWM_Init)
    i.HAL_TIM_PWM_MspInit                    0x08001fa0   Section        0  stm32f4xx_hal_tim.o(i.HAL_TIM_PWM_MspInit)
    i.HAL_TIM_PWM_PulseFinishedCallback      0x08001fa2   Section        0  stm32f4xx_hal_tim.o(i.HAL_TIM_PWM_PulseFinishedCallback)
    i.HAL_TIM_PeriodElapsedCallback          0x08001fa4   Section        0  main.o(i.HAL_TIM_PeriodElapsedCallback)
    i.HAL_TIM_TriggerCallback                0x08001fdc   Section        0  stm32f4xx_hal_tim.o(i.HAL_TIM_TriggerCallback)
    i.HAL_UART_Init                          0x08001fde   Section        0  stm32f4xx_hal_uart.o(i.HAL_UART_Init)
    i.HAL_UART_MspInit                       0x08002040   Section        0  usart.o(i.HAL_UART_MspInit)
    i.LCD_Begin                              0x0800208c   Section        0  lcd_v2.o(i.LCD_Begin)
    i.LCD_DrawChar                           0x08002118   Section        0  lcd_v2.o(i.LCD_DrawChar)
    i.LCD_DrawFastHLine                      0x08002210   Section        0  lcd_v2.o(i.LCD_DrawFastHLine)
    i.LCD_DrawFastVLine                      0x080022a0   Section        0  lcd_v2.o(i.LCD_DrawFastVLine)
    i.LCD_DrawLine                           0x080022be   Section        0  lcd_v2.o(i.LCD_DrawLine)
    i.LCD_DrawPicture                        0x0800238c   Section        0  main.o(i.LCD_DrawPicture)
    i.LCD_DrawPixel                          0x08002410   Section        0  lcd_v2.o(i.LCD_DrawPixel)
    i.LCD_DrawRect                           0x080024a8   Section        0  lcd_v2.o(i.LCD_DrawRect)
    i.LCD_FillCircle                         0x080024f4   Section        0  lcd_v2.o(i.LCD_FillCircle)
    i.LCD_FillCircleHelper                   0x08002528   Section        0  lcd_v2.o(i.LCD_FillCircleHelper)
    i.LCD_FillRect                           0x080025f0   Section        0  lcd_v2.o(i.LCD_FillRect)
    i.LCD_FillRoundRect                      0x080026c4   Section        0  lcd_v2.o(i.LCD_FillRoundRect)
    i.LCD_FillScreen                         0x08002730   Section        0  lcd_v2.o(i.LCD_FillScreen)
    i.LCD_Flood                              0x08002790   Section        0  lcd_v2.o(i.LCD_Flood)
    i.LCD_Printf                             0x080029d4   Section        0  lcd_v2.o(i.LCD_Printf)
    i.LCD_Register_Init                      0x08002ab4   Section        0  lcd_v2.o(i.LCD_Register_Init)
    LCD_Register_Init                        0x08002ab5   Thumb Code    50  lcd_v2.o(i.LCD_Register_Init)
    i.LCD_Reset                              0x08002aec   Section        0  lcd_v2.o(i.LCD_Reset)
    i.LCD_SetAddrWindow                      0x08002b84   Section        0  lcd_v2.o(i.LCD_SetAddrWindow)
    i.LCD_SetCursor                          0x08002c48   Section        0  lcd_v2.o(i.LCD_SetCursor)
    i.LCD_SetRotation                        0x08002c60   Section        0  lcd_v2.o(i.LCD_SetRotation)
    i.LCD_SetTextSize                        0x08002cb0   Section        0  lcd_v2.o(i.LCD_SetTextSize)
    i.LCD_Write8                             0x08002cc4   Section        0  lcd_v2.o(i.LCD_Write8)
    i.LCD_WriteRegister16                    0x08002d60   Section        0  lcd_v2.o(i.LCD_WriteRegister16)
    i.MX_DAC_Init                            0x08002da4   Section        0  dac.o(i.MX_DAC_Init)
    i.MX_DMA_Init                            0x08002df4   Section        0  dma.o(i.MX_DMA_Init)
    i.MX_GPIO_Init                           0x08002e30   Section        0  gpio.o(i.MX_GPIO_Init)
    i.MX_TIM2_Init                           0x08002f0c   Section        0  tim.o(i.MX_TIM2_Init)
    i.MX_TIM3_Init                           0x08002fb8   Section        0  tim.o(i.MX_TIM3_Init)
    i.MX_TIM4_Init                           0x0800305c   Section        0  tim.o(i.MX_TIM4_Init)
    i.MX_USART2_UART_Init                    0x080030d0   Section        0  usart.o(i.MX_USART2_UART_Init)
    i.NVIC_SetPriority                       0x0800311c   Section        0  stm32f4xx_hal_cortex.o(i.NVIC_SetPriority)
    NVIC_SetPriority                         0x0800311d   Thumb Code    32  stm32f4xx_hal_cortex.o(i.NVIC_SetPriority)
    i.PendSV_Handler                         0x0800313c   Section        0  stm32f4xx_it.o(i.PendSV_Handler)
    i.SVC_Handler                            0x0800313e   Section        0  stm32f4xx_it.o(i.SVC_Handler)
    i.SysTick_Handler                        0x08003140   Section        0  stm32f4xx_it.o(i.SysTick_Handler)
    i.SystemClock_Config                     0x08003150   Section        0  main.o(i.SystemClock_Config)
    i.SystemInit                             0x080031f0   Section        0  system_stm32f4xx.o(i.SystemInit)
    i.TIM2_IRQHandler                        0x08003244   Section        0  stm32f4xx_it.o(i.TIM2_IRQHandler)
    i.TIM3_IRQHandler                        0x08003250   Section        0  stm32f4xx_it.o(i.TIM3_IRQHandler)
    i.TIM4_IRQHandler                        0x0800325c   Section        0  stm32f4xx_it.o(i.TIM4_IRQHandler)
    i.TIM_Base_SetConfig                     0x08003268   Section        0  stm32f4xx_hal_tim.o(i.TIM_Base_SetConfig)
    i.TIM_CCxChannelCmd                      0x08003328   Section        0  stm32f4xx_hal_tim.o(i.TIM_CCxChannelCmd)
    i.TIM_DMACaptureCplt                     0x0800333e   Section        0  stm32f4xx_hal_tim.o(i.TIM_DMACaptureCplt)
    i.TIM_DMAError                           0x0800337c   Section        0  stm32f4xx_hal_tim.o(i.TIM_DMAError)
    i.TIM_ETR_SetConfig                      0x0800338c   Section        0  stm32f4xx_hal_tim.o(i.TIM_ETR_SetConfig)
    TIM_ETR_SetConfig                        0x0800338d   Thumb Code    20  stm32f4xx_hal_tim.o(i.TIM_ETR_SetConfig)
    i.TIM_ITRx_SetConfig                     0x080033a0   Section        0  stm32f4xx_hal_tim.o(i.TIM_ITRx_SetConfig)
    TIM_ITRx_SetConfig                       0x080033a1   Thumb Code    16  stm32f4xx_hal_tim.o(i.TIM_ITRx_SetConfig)
    i.TIM_OC1_SetConfig                      0x080033b0   Section        0  stm32f4xx_hal_tim.o(i.TIM_OC1_SetConfig)
    TIM_OC1_SetConfig                        0x080033b1   Thumb Code    80  stm32f4xx_hal_tim.o(i.TIM_OC1_SetConfig)
    i.TIM_OC2_SetConfig                      0x08003408   Section        0  stm32f4xx_hal_tim.o(i.TIM_OC2_SetConfig)
    i.TIM_OC3_SetConfig                      0x0800346c   Section        0  stm32f4xx_hal_tim.o(i.TIM_OC3_SetConfig)
    TIM_OC3_SetConfig                        0x0800346d   Thumb Code    88  stm32f4xx_hal_tim.o(i.TIM_OC3_SetConfig)
    i.TIM_OC4_SetConfig                      0x080034cc   Section        0  stm32f4xx_hal_tim.o(i.TIM_OC4_SetConfig)
    TIM_OC4_SetConfig                        0x080034cd   Thumb Code    70  stm32f4xx_hal_tim.o(i.TIM_OC4_SetConfig)
    i.TIM_TI1_ConfigInputStage               0x0800351c   Section        0  stm32f4xx_hal_tim.o(i.TIM_TI1_ConfigInputStage)
    TIM_TI1_ConfigInputStage                 0x0800351d   Thumb Code    34  stm32f4xx_hal_tim.o(i.TIM_TI1_ConfigInputStage)
    i.TIM_TI1_SetConfig                      0x08003540   Section        0  stm32f4xx_hal_tim.o(i.TIM_TI1_SetConfig)
    i.TIM_TI2_ConfigInputStage               0x080035c4   Section        0  stm32f4xx_hal_tim.o(i.TIM_TI2_ConfigInputStage)
    TIM_TI2_ConfigInputStage                 0x080035c5   Thumb Code    36  stm32f4xx_hal_tim.o(i.TIM_TI2_ConfigInputStage)
    i.TIM_TI2_SetConfig                      0x080035e8   Section        0  stm32f4xx_hal_tim.o(i.TIM_TI2_SetConfig)
    TIM_TI2_SetConfig                        0x080035e9   Thumb Code    54  stm32f4xx_hal_tim.o(i.TIM_TI2_SetConfig)
    i.UART_SetConfig                         0x08003620   Section        0  stm32f4xx_hal_uart.o(i.UART_SetConfig)
    UART_SetConfig                           0x08003621   Thumb Code   676  stm32f4xx_hal_uart.o(i.UART_SetConfig)
    i._Error_Handler                         0x080038cc   Section        0  main.o(i._Error_Handler)
    i.__0vsprintf                            0x080038d0   Section        0  printfa.o(i.__0vsprintf)
    i.__ARM_fpclassifyf                      0x080038f4   Section        0  fpclassifyf.o(i.__ARM_fpclassifyf)
    i.__hardfp_powf                          0x0800391c   Section        0  powf.o(i.__hardfp_powf)
    i.__mathlib_flt_divzero                  0x08003f80   Section        0  funder.o(i.__mathlib_flt_divzero)
    i.__mathlib_flt_infnan2                  0x08003f94   Section        0  funder.o(i.__mathlib_flt_infnan2)
    i.__mathlib_flt_invalid                  0x08003f9c   Section        0  funder.o(i.__mathlib_flt_invalid)
    i.__mathlib_flt_overflow                 0x08003fac   Section        0  funder.o(i.__mathlib_flt_overflow)
    i.__mathlib_flt_underflow                0x08003fbc   Section        0  funder.o(i.__mathlib_flt_underflow)
    i.__scatterload_copy                     0x08003fcc   Section       14  handlers.o(i.__scatterload_copy)
    i.__scatterload_null                     0x08003fda   Section        2  handlers.o(i.__scatterload_null)
    i.__scatterload_zeroinit                 0x08003fdc   Section       14  handlers.o(i.__scatterload_zeroinit)
    i.__set_errno                            0x08003fec   Section        0  errno.o(i.__set_errno)
    i._fp_digits                             0x08003ff8   Section        0  printfa.o(i._fp_digits)
    _fp_digits                               0x08003ff9   Thumb Code   366  printfa.o(i._fp_digits)
    i._printf_core                           0x0800417c   Section        0  printfa.o(i._printf_core)
    _printf_core                             0x0800417d   Thumb Code  1744  printfa.o(i._printf_core)
    i._printf_post_padding                   0x08004858   Section        0  printfa.o(i._printf_post_padding)
    _printf_post_padding                     0x08004859   Thumb Code    36  printfa.o(i._printf_post_padding)
    i._printf_pre_padding                    0x0800487c   Section        0  printfa.o(i._printf_pre_padding)
    _printf_pre_padding                      0x0800487d   Thumb Code    46  printfa.o(i._printf_pre_padding)
    i._sputc                                 0x080048aa   Section        0  printfa.o(i._sputc)
    _sputc                                   0x080048ab   Thumb Code    10  printfa.o(i._sputc)
    i.delay                                  0x080048b4   Section        0  lcd_v2.o(i.delay)
    i.keyPressed                             0x080048c0   Section        0  main.o(i.keyPressed)
    i.main                                   0x08004900   Section        0  main.o(i.main)
    i.play_note                              0x08004b04   Section        0  main.o(i.play_note)
    i.readCol                                0x08004b6c   Section        0  main.o(i.readCol)
    i.refresh_distance                       0x08004bbc   Section        0  main.o(i.refresh_distance)
    i.refresh_note                           0x08004cc0   Section        0  main.o(i.refresh_note)
    i.selectRow                              0x08004ec4   Section        0  main.o(i.selectRow)
    i.showFenetrePrincipal                   0x08004f04   Section        0  main.o(i.showFenetrePrincipal)
    i.showGammeMenu                          0x08005280   Section        0  main.o(i.showGammeMenu)
    i.showInstrumentMenu                     0x08005350   Section        0  main.o(i.showInstrumentMenu)
    i.showModeMenu                           0x08005440   Section        0  main.o(i.showModeMenu)
    i.showNoteMode0                          0x08005510   Section        0  main.o(i.showNoteMode0)
    i.showNoteMode1                          0x0800559c   Section        0  main.o(i.showNoteMode1)
    i.showNoteMode2                          0x080055e4   Section        0  main.o(i.showNoteMode2)
    i.update_tab                             0x0800564c   Section        0  main.o(i.update_tab)
    .constdata                               0x08005780   Section      840  lcd_v2.o(.constdata)
    font                                     0x08005780   Data         640  lcd_v2.o(.constdata)
    ST7781_regValues                         0x08005a00   Data         200  lcd_v2.o(.constdata)
    .constdata                               0x08005ac8   Section     7116  main.o(.constdata)
    .constdata                               0x08007694   Section      340  main.o(.constdata)
    .constdata                               0x080077e8   Section      340  main.o(.constdata)
    .constdata                               0x0800793c   Section      340  main.o(.constdata)
    .constdata                               0x08007a90   Section      340  main.o(.constdata)
    .constdata                               0x08007be4   Section        8  stm32f4xx_hal_dma.o(.constdata)
    flagBitshiftOffset                       0x08007be4   Data           8  stm32f4xx_hal_dma.o(.constdata)
    .constdata                               0x08007bec   Section       16  system_stm32f4xx.o(.constdata)
    .constdata                               0x08007bfc   Section        8  system_stm32f4xx.o(.constdata)
    .constdata                               0x08007c04   Section      320  powf.o(.constdata)
    table                                    0x08007c04   Data         128  powf.o(.constdata)
    powersof2to1over16top                    0x08007c84   Data          64  powf.o(.constdata)
    powersof2to1over16bot                    0x08007cc4   Data          64  powf.o(.constdata)
    powersof2to1over16all                    0x08007d04   Data          64  powf.o(.constdata)
    .data                                    0x20000000   Section       15  lcd_v2.o(.data)
    m_width                                  0x20000000   Data           2  lcd_v2.o(.data)
    m_height                                 0x20000002   Data           2  lcd_v2.o(.data)
    m_cursor_x                               0x20000004   Data           2  lcd_v2.o(.data)
    m_cursor_y                               0x20000006   Data           2  lcd_v2.o(.data)
    m_textcolor                              0x20000008   Data           2  lcd_v2.o(.data)
    m_textbgcolor                            0x2000000a   Data           2  lcd_v2.o(.data)
    m_textsize                               0x2000000c   Data           1  lcd_v2.o(.data)
    m_rotation                               0x2000000d   Data           1  lcd_v2.o(.data)
    m_wrap                                   0x2000000e   Data           1  lcd_v2.o(.data)
    .data                                    0x20000010   Section      124  main.o(.data)
    iterateur_ligne                          0x20000015   Data           1  main.o(.data)
    iterateur_colonne                        0x20000016   Data           1  main.o(.data)
    local_time                               0x20000017   Data           1  main.o(.data)
    tempo                                    0x20000018   Data           1  main.o(.data)
    .data                                    0x2000008c   Section       16  main.o(.data)
    .data                                    0x2000009c   Section       16  main.o(.data)
    .data                                    0x200000ac   Section       16  main.o(.data)
    .data                                    0x200000bc   Section       16  main.o(.data)
    .data                                    0x200000cc   Section       16  main.o(.data)
    .data                                    0x200000dc   Section       12  stm32f4xx_hal.o(.data)
    .data                                    0x200000e8   Section        4  system_stm32f4xx.o(.data)
    .data                                    0x200000ec   Section        4  errno.o(.data)
    _errno                                   0x200000ec   Data           4  errno.o(.data)
    .bss                                     0x200000f0   Section      256  lcd_v2.o(.bss)
    buf                                      0x200000f0   Data         256  lcd_v2.o(.bss)
    .bss                                     0x200001f0   Section    16092  main.o(.bss)
    .bss                                     0x200040cc   Section      116  dac.o(.bss)
    .bss                                     0x20004140   Section      276  tim.o(.bss)
    .bss                                     0x20004254   Section       64  usart.o(.bss)
    STACK                                    0x20004298   Section     1024  startup_stm32f446xx.o(STACK)

    Global Symbols

    Symbol Name                              Value     Ov Type        Size  Object(Section)

    BuildAttributes$$THM_ISAv4$E$P$D$K$B$S$7EM$VFPi3$EXTD16$VFPS$VFMA$PE$A:L22UL41UL21$X:L11$S22US41US21$IEEE1$IW$USESV6$~STKCKD$USESV7$~SHL$OTIME$ROPI$IEEEX$EBA8$MICROLIB$REQ8$PRES8$EABIv2 0x00000000   Number         0  anon$$obj.o ABSOLUTE
    __ARM_use_no_argv                        0x00000000   Number         0  main.o ABSOLUTE
    __cpp_initialize__aeabi_                  - Undefined Weak Reference
    __cxa_finalize                            - Undefined Weak Reference
    __decompress                              - Undefined Weak Reference
    _clock_init                               - Undefined Weak Reference
    _microlib_exit                            - Undefined Weak Reference
    __Vectors_Size                           0x000001c4   Number         0  startup_stm32f446xx.o ABSOLUTE
    __Vectors                                0x08000000   Data           4  startup_stm32f446xx.o(RESET)
    __Vectors_End                            0x080001c4   Data           0  startup_stm32f446xx.o(RESET)
    __main                                   0x080001c5   Thumb Code     0  entry.o(.ARM.Collect$$$$00000000)
    _main_stk                                0x080001c5   Thumb Code     0  entry2.o(.ARM.Collect$$$$00000001)
    _main_scatterload                        0x080001c9   Thumb Code     0  entry5.o(.ARM.Collect$$$$00000004)
    __main_after_scatterload                 0x080001cd   Thumb Code     0  entry5.o(.ARM.Collect$$$$00000004)
    _main_clock                              0x080001cd   Thumb Code     0  entry7b.o(.ARM.Collect$$$$00000008)
    _main_cpp_init                           0x080001cd   Thumb Code     0  entry8b.o(.ARM.Collect$$$$0000000A)
    _main_init                               0x080001cd   Thumb Code     0  entry9a.o(.ARM.Collect$$$$0000000B)
    __rt_final_cpp                           0x080001d5   Thumb Code     0  entry10a.o(.ARM.Collect$$$$0000000D)
    __rt_final_exit                          0x080001d5   Thumb Code     0  entry11a.o(.ARM.Collect$$$$0000000F)
    Reset_Handler                            0x080001d9   Thumb Code     8  startup_stm32f446xx.o(.text)
    NMI_Handler                              0x080001e1   Thumb Code     2  startup_stm32f446xx.o(.text)
    HardFault_Handler                        0x080001e3   Thumb Code     2  startup_stm32f446xx.o(.text)
    MemManage_Handler                        0x080001e5   Thumb Code     2  startup_stm32f446xx.o(.text)
    BusFault_Handler                         0x080001e7   Thumb Code     2  startup_stm32f446xx.o(.text)
    UsageFault_Handler                       0x080001e9   Thumb Code     2  startup_stm32f446xx.o(.text)
    DebugMon_Handler                         0x080001ed   Thumb Code     2  startup_stm32f446xx.o(.text)
    ADC_IRQHandler                           0x080001f3   Thumb Code     0  startup_stm32f446xx.o(.text)
    CAN1_RX0_IRQHandler                      0x080001f3   Thumb Code     0  startup_stm32f446xx.o(.text)
    CAN1_RX1_IRQHandler                      0x080001f3   Thumb Code     0  startup_stm32f446xx.o(.text)
    CAN1_SCE_IRQHandler                      0x080001f3   Thumb Code     0  startup_stm32f446xx.o(.text)
    CAN1_TX_IRQHandler                       0x080001f3   Thumb Code     0  startup_stm32f446xx.o(.text)
    CAN2_RX0_IRQHandler                      0x080001f3   Thumb Code     0  startup_stm32f446xx.o(.text)
    CAN2_RX1_IRQHandler                      0x080001f3   Thumb Code     0  startup_stm32f446xx.o(.text)
    CAN2_SCE_IRQHandler                      0x080001f3   Thumb Code     0  startup_stm32f446xx.o(.text)
    CAN2_TX_IRQHandler                       0x080001f3   Thumb Code     0  startup_stm32f446xx.o(.text)
    CEC_IRQHandler                           0x080001f3   Thumb Code     0  startup_stm32f446xx.o(.text)
    DCMI_IRQHandler                          0x080001f3   Thumb Code     0  startup_stm32f446xx.o(.text)
    DMA1_Stream0_IRQHandler                  0x080001f3   Thumb Code     0  startup_stm32f446xx.o(.text)
    DMA1_Stream1_IRQHandler                  0x080001f3   Thumb Code     0  startup_stm32f446xx.o(.text)
    DMA1_Stream2_IRQHandler                  0x080001f3   Thumb Code     0  startup_stm32f446xx.o(.text)
    DMA1_Stream3_IRQHandler                  0x080001f3   Thumb Code     0  startup_stm32f446xx.o(.text)
    DMA1_Stream4_IRQHandler                  0x080001f3   Thumb Code     0  startup_stm32f446xx.o(.text)
    DMA1_Stream5_IRQHandler                  0x080001f3   Thumb Code     0  startup_stm32f446xx.o(.text)
    DMA2_Stream0_IRQHandler                  0x080001f3   Thumb Code     0  startup_stm32f446xx.o(.text)
    DMA2_Stream1_IRQHandler                  0x080001f3   Thumb Code     0  startup_stm32f446xx.o(.text)
    DMA2_Stream2_IRQHandler                  0x080001f3   Thumb Code     0  startup_stm32f446xx.o(.text)
    DMA2_Stream3_IRQHandler                  0x080001f3   Thumb Code     0  startup_stm32f446xx.o(.text)
    DMA2_Stream4_IRQHandler                  0x080001f3   Thumb Code     0  startup_stm32f446xx.o(.text)
    DMA2_Stream5_IRQHandler                  0x080001f3   Thumb Code     0  startup_stm32f446xx.o(.text)
    DMA2_Stream6_IRQHandler                  0x080001f3   Thumb Code     0  startup_stm32f446xx.o(.text)
    DMA2_Stream7_IRQHandler                  0x080001f3   Thumb Code     0  startup_stm32f446xx.o(.text)
    EXTI0_IRQHandler                         0x080001f3   Thumb Code     0  startup_stm32f446xx.o(.text)
    EXTI15_10_IRQHandler                     0x080001f3   Thumb Code     0  startup_stm32f446xx.o(.text)
    EXTI1_IRQHandler                         0x080001f3   Thumb Code     0  startup_stm32f446xx.o(.text)
    EXTI2_IRQHandler                         0x080001f3   Thumb Code     0  startup_stm32f446xx.o(.text)
    EXTI3_IRQHandler                         0x080001f3   Thumb Code     0  startup_stm32f446xx.o(.text)
    EXTI4_IRQHandler                         0x080001f3   Thumb Code     0  startup_stm32f446xx.o(.text)
    EXTI9_5_IRQHandler                       0x080001f3   Thumb Code     0  startup_stm32f446xx.o(.text)
    FLASH_IRQHandler                         0x080001f3   Thumb Code     0  startup_stm32f446xx.o(.text)
    FMC_IRQHandler                           0x080001f3   Thumb Code     0  startup_stm32f446xx.o(.text)
    FPU_IRQHandler                           0x080001f3   Thumb Code     0  startup_stm32f446xx.o(.text)
    I2C1_ER_IRQHandler                       0x080001f3   Thumb Code     0  startup_stm32f446xx.o(.text)
    I2C1_EV_IRQHandler                       0x080001f3   Thumb Code     0  startup_stm32f446xx.o(.text)
    I2C2_ER_IRQHandler                       0x080001f3   Thumb Code     0  startup_stm32f446xx.o(.text)
    I2C2_EV_IRQHandler                       0x080001f3   Thumb Code     0  startup_stm32f446xx.o(.text)
    I2C3_ER_IRQHandler                       0x080001f3   Thumb Code     0  startup_stm32f446xx.o(.text)
    I2C3_EV_IRQHandler                       0x080001f3   Thumb Code     0  startup_stm32f446xx.o(.text)
    I2C4_Error_IRQHandler                    0x080001f3   Thumb Code     0  startup_stm32f446xx.o(.text)
    I2C4_Event_IRQHandler                    0x080001f3   Thumb Code     0  startup_stm32f446xx.o(.text)
    OTG_FS_IRQHandler                        0x080001f3   Thumb Code     0  startup_stm32f446xx.o(.text)
    OTG_FS_WKUP_IRQHandler                   0x080001f3   Thumb Code     0  startup_stm32f446xx.o(.text)
    OTG_HS_EP1_IN_IRQHandler                 0x080001f3   Thumb Code     0  startup_stm32f446xx.o(.text)
    OTG_HS_EP1_OUT_IRQHandler                0x080001f3   Thumb Code     0  startup_stm32f446xx.o(.text)
    OTG_HS_IRQHandler                        0x080001f3   Thumb Code     0  startup_stm32f446xx.o(.text)
    OTG_HS_WKUP_IRQHandler                   0x080001f3   Thumb Code     0  startup_stm32f446xx.o(.text)
    PVD_IRQHandler                           0x080001f3   Thumb Code     0  startup_stm32f446xx.o(.text)
    QUADSPI_IRQHandler                       0x080001f3   Thumb Code     0  startup_stm32f446xx.o(.text)
    RCC_IRQHandler                           0x080001f3   Thumb Code     0  startup_stm32f446xx.o(.text)
    RTC_Alarm_IRQHandler                     0x080001f3   Thumb Code     0  startup_stm32f446xx.o(.text)
    RTC_WKUP_IRQHandler                      0x080001f3   Thumb Code     0  startup_stm32f446xx.o(.text)
    SAI1_IRQHandler                          0x080001f3   Thumb Code     0  startup_stm32f446xx.o(.text)
    SAI2_IRQHandler                          0x080001f3   Thumb Code     0  startup_stm32f446xx.o(.text)
    SDIO_IRQHandler                          0x080001f3   Thumb Code     0  startup_stm32f446xx.o(.text)
    SPDIF_RX_IRQHandler                      0x080001f3   Thumb Code     0  startup_stm32f446xx.o(.text)
    SPI1_IRQHandler                          0x080001f3   Thumb Code     0  startup_stm32f446xx.o(.text)
    SPI2_IRQHandler                          0x080001f3   Thumb Code     0  startup_stm32f446xx.o(.text)
    SPI3_IRQHandler                          0x080001f3   Thumb Code     0  startup_stm32f446xx.o(.text)
    SPI4_IRQHandler                          0x080001f3   Thumb Code     0  startup_stm32f446xx.o(.text)
    TAMP_STAMP_IRQHandler                    0x080001f3   Thumb Code     0  startup_stm32f446xx.o(.text)
    TIM1_BRK_TIM9_IRQHandler                 0x080001f3   Thumb Code     0  startup_stm32f446xx.o(.text)
    TIM1_CC_IRQHandler                       0x080001f3   Thumb Code     0  startup_stm32f446xx.o(.text)
    TIM1_TRG_COM_TIM11_IRQHandler            0x080001f3   Thumb Code     0  startup_stm32f446xx.o(.text)
    TIM1_UP_TIM10_IRQHandler                 0x080001f3   Thumb Code     0  startup_stm32f446xx.o(.text)
    TIM5_IRQHandler                          0x080001f3   Thumb Code     0  startup_stm32f446xx.o(.text)
    TIM6_DAC_IRQHandler                      0x080001f3   Thumb Code     0  startup_stm32f446xx.o(.text)
    TIM7_IRQHandler                          0x080001f3   Thumb Code     0  startup_stm32f446xx.o(.text)
    TIM8_BRK_TIM12_IRQHandler                0x080001f3   Thumb Code     0  startup_stm32f446xx.o(.text)
    TIM8_CC_IRQHandler                       0x080001f3   Thumb Code     0  startup_stm32f446xx.o(.text)
    TIM8_TRG_COM_TIM14_IRQHandler            0x080001f3   Thumb Code     0  startup_stm32f446xx.o(.text)
    TIM8_UP_TIM13_IRQHandler                 0x080001f3   Thumb Code     0  startup_stm32f446xx.o(.text)
    UART4_IRQHandler                         0x080001f3   Thumb Code     0  startup_stm32f446xx.o(.text)
    UART5_IRQHandler                         0x080001f3   Thumb Code     0  startup_stm32f446xx.o(.text)
    USART1_IRQHandler                        0x080001f3   Thumb Code     0  startup_stm32f446xx.o(.text)
    USART2_IRQHandler                        0x080001f3   Thumb Code     0  startup_stm32f446xx.o(.text)
    USART3_IRQHandler                        0x080001f3   Thumb Code     0  startup_stm32f446xx.o(.text)
    USART6_IRQHandler                        0x080001f3   Thumb Code     0  startup_stm32f446xx.o(.text)
    WWDG_IRQHandler                          0x080001f3   Thumb Code     0  startup_stm32f446xx.o(.text)
    __aeabi_uldivmod                         0x080001fd   Thumb Code    98  uldiv.o(.text)
    __aeabi_f2d                              0x0800025f   Thumb Code    38  f2d.o(.text)
    __aeabi_uidiv                            0x08000285   Thumb Code     0  uidiv.o(.text)
    __aeabi_uidivmod                         0x08000285   Thumb Code    44  uidiv.o(.text)
    __aeabi_llsl                             0x080002b1   Thumb Code    30  llshl.o(.text)
    _ll_shift_l                              0x080002b1   Thumb Code     0  llshl.o(.text)
    __aeabi_llsr                             0x080002cf   Thumb Code    32  llushr.o(.text)
    _ll_ushift_r                             0x080002cf   Thumb Code     0  llushr.o(.text)
    __I$use$fp                               0x080002ef   Thumb Code     0  iusefp.o(.text)
    __aeabi_dadd                             0x080002ef   Thumb Code   322  dadd.o(.text)
    __aeabi_dsub                             0x08000431   Thumb Code     6  dadd.o(.text)
    __aeabi_drsub                            0x08000437   Thumb Code     6  dadd.o(.text)
    __aeabi_dmul                             0x0800043d   Thumb Code   228  dmul.o(.text)
    __aeabi_ddiv                             0x08000521   Thumb Code   222  ddiv.o(.text)
    __aeabi_d2ulz                            0x080005ff   Thumb Code    48  dfixul.o(.text)
    __aeabi_cdrcmple                         0x08000631   Thumb Code    48  cdrcmple.o(.text)
    __fp_status                              0x08000661   Thumb Code     4  fpstat.o(.text)
    __ieee_status                            0x08000661   Thumb Code     0  fpstat.o(.text)
    __scatterload                            0x08000665   Thumb Code    28  init.o(.text)
    __scatterload_rt2                        0x08000665   Thumb Code     0  init.o(.text)
    __aeabi_lasr                             0x08000689   Thumb Code    36  llsshr.o(.text)
    _ll_sshift_r                             0x08000689   Thumb Code     0  llsshr.o(.text)
    _double_round                            0x080006ad   Thumb Code    30  depilogue.o(.text)
    _double_epilogue                         0x080006cb   Thumb Code   156  depilogue.o(.text)
    DAC_DMAConvCpltCh2                       0x08000777   Thumb Code    16  stm32f4xx_hal_dac_ex.o(i.DAC_DMAConvCpltCh2)
    DAC_DMAErrorCh2                          0x0800079f   Thumb Code    24  stm32f4xx_hal_dac_ex.o(i.DAC_DMAErrorCh2)
    DAC_DMAHalfConvCpltCh2                   0x080007c1   Thumb Code    10  stm32f4xx_hal_dac_ex.o(i.DAC_DMAHalfConvCpltCh2)
    DMA1_Stream6_IRQHandler                  0x080007cd   Thumb Code     6  stm32f4xx_it.o(i.DMA1_Stream6_IRQHandler)
    DMA1_Stream7_IRQHandler                  0x080007d9   Thumb Code     6  stm32f4xx_it.o(i.DMA1_Stream7_IRQHandler)
    DerroulementMenu                         0x08000889   Thumb Code   216  main.o(i.DerroulementMenu)
    HAL_DACEx_ConvCpltCallbackCh2            0x08000a35   Thumb Code     8  main.o(i.HAL_DACEx_ConvCpltCallbackCh2)
    HAL_DACEx_ConvHalfCpltCallbackCh2        0x08000a41   Thumb Code     2  stm32f4xx_hal_dac_ex.o(i.HAL_DACEx_ConvHalfCpltCallbackCh2)
    HAL_DACEx_ErrorCallbackCh2               0x08000a43   Thumb Code     2  stm32f4xx_hal_dac_ex.o(i.HAL_DACEx_ErrorCallbackCh2)
    HAL_DAC_ConfigChannel                    0x08000a45   Thumb Code    66  stm32f4xx_hal_dac.o(i.HAL_DAC_ConfigChannel)
    HAL_DAC_ConvCpltCallbackCh1              0x08000a87   Thumb Code     2  stm32f4xx_hal_dac.o(i.HAL_DAC_ConvCpltCallbackCh1)
    HAL_DAC_ConvHalfCpltCallbackCh1          0x08000a89   Thumb Code     2  stm32f4xx_hal_dac.o(i.HAL_DAC_ConvHalfCpltCallbackCh1)
    HAL_DAC_ErrorCallbackCh1                 0x08000a8b   Thumb Code     2  stm32f4xx_hal_dac.o(i.HAL_DAC_ErrorCallbackCh1)
    HAL_DAC_Init                             0x08000a8d   Thumb Code    40  stm32f4xx_hal_dac.o(i.HAL_DAC_Init)
    HAL_DAC_MspInit                          0x08000ab5   Thumb Code   116  dac.o(i.HAL_DAC_MspInit)
    HAL_DAC_Start_DMA                        0x08000b4d   Thumb Code   230  stm32f4xx_hal_dac.o(i.HAL_DAC_Start_DMA)
    HAL_DMA_IRQHandler                       0x08000c4d   Thumb Code   412  stm32f4xx_hal_dma.o(i.HAL_DMA_IRQHandler)
    HAL_DMA_Init                             0x08000ded   Thumb Code   206  stm32f4xx_hal_dma.o(i.HAL_DMA_Init)
    HAL_DMA_Start_IT                         0x08000ec1   Thumb Code   120  stm32f4xx_hal_dma.o(i.HAL_DMA_Start_IT)
    HAL_Delay                                0x08000f39   Thumb Code    32  stm32f4xx_hal.o(i.HAL_Delay)
    HAL_GPIO_Init                            0x08000f5d   Thumb Code   378  stm32f4xx_hal_gpio.o(i.HAL_GPIO_Init)
    HAL_GPIO_ReadPin                         0x08001101   Thumb Code    10  stm32f4xx_hal_gpio.o(i.HAL_GPIO_ReadPin)
    HAL_GPIO_WritePin                        0x0800110b   Thumb Code    10  stm32f4xx_hal_gpio.o(i.HAL_GPIO_WritePin)
    HAL_GetTick                              0x08001115   Thumb Code     6  stm32f4xx_hal.o(i.HAL_GetTick)
    HAL_IncTick                              0x08001121   Thumb Code    12  stm32f4xx_hal.o(i.HAL_IncTick)
    HAL_Init                                 0x08001131   Thumb Code    48  stm32f4xx_hal.o(i.HAL_Init)
    HAL_InitTick                             0x08001165   Thumb Code    54  stm32f4xx_hal.o(i.HAL_InitTick)
    HAL_MspInit                              0x080011a5   Thumb Code   126  stm32f4xx_hal_msp.o(i.HAL_MspInit)
    HAL_NVIC_EnableIRQ                       0x08001229   Thumb Code    22  stm32f4xx_hal_cortex.o(i.HAL_NVIC_EnableIRQ)
    HAL_NVIC_SetPriority                     0x08001241   Thumb Code    60  stm32f4xx_hal_cortex.o(i.HAL_NVIC_SetPriority)
    HAL_NVIC_SetPriorityGrouping             0x08001281   Thumb Code    26  stm32f4xx_hal_cortex.o(i.HAL_NVIC_SetPriorityGrouping)
    HAL_RCC_ClockConfig                      0x080012a5   Thumb Code   286  stm32f4xx_hal_rcc.o(i.HAL_RCC_ClockConfig)
    HAL_RCC_GetHCLKFreq                      0x080013d5   Thumb Code     6  stm32f4xx_hal_rcc.o(i.HAL_RCC_GetHCLKFreq)
    HAL_RCC_GetPCLK1Freq                     0x080013e1   Thumb Code    20  stm32f4xx_hal_rcc.o(i.HAL_RCC_GetPCLK1Freq)
    HAL_RCC_GetPCLK2Freq                     0x08001401   Thumb Code    20  stm32f4xx_hal_rcc.o(i.HAL_RCC_GetPCLK2Freq)
    HAL_RCC_GetSysClockFreq                  0x08001421   Thumb Code   140  stm32f4xx_hal_rcc_ex.o(i.HAL_RCC_GetSysClockFreq)
    HAL_RCC_OscConfig                        0x080014b5   Thumb Code   814  stm32f4xx_hal_rcc_ex.o(i.HAL_RCC_OscConfig)
    HAL_SYSTICK_CLKSourceConfig              0x080017f9   Thumb Code    24  stm32f4xx_hal_cortex.o(i.HAL_SYSTICK_CLKSourceConfig)
    HAL_SYSTICK_Callback                     0x08001811   Thumb Code     2  stm32f4xx_hal_cortex.o(i.HAL_SYSTICK_Callback)
    HAL_SYSTICK_Config                       0x08001813   Thumb Code    40  stm32f4xx_hal_cortex.o(i.HAL_SYSTICK_Config)
    HAL_SYSTICK_IRQHandler                   0x0800183b   Thumb Code     8  stm32f4xx_hal_cortex.o(i.HAL_SYSTICK_IRQHandler)
    HAL_TIMEx_BreakCallback                  0x08001843   Thumb Code     2  stm32f4xx_hal_tim_ex.o(i.HAL_TIMEx_BreakCallback)
    HAL_TIMEx_CommutationCallback            0x08001845   Thumb Code     2  stm32f4xx_hal_tim_ex.o(i.HAL_TIMEx_CommutationCallback)
    HAL_TIMEx_MasterConfigSynchronization    0x08001847   Thumb Code    80  stm32f4xx_hal_tim_ex.o(i.HAL_TIMEx_MasterConfigSynchronization)
    HAL_TIM_Base_Init                        0x08001897   Thumb Code    54  stm32f4xx_hal_tim.o(i.HAL_TIM_Base_Init)
    HAL_TIM_Base_MspInit                     0x080018cd   Thumb Code   202  tim.o(i.HAL_TIM_Base_MspInit)
    HAL_TIM_Base_Start_IT                    0x080019c1   Thumb Code    24  stm32f4xx_hal_tim.o(i.HAL_TIM_Base_Start_IT)
    HAL_TIM_ConfigClockSource                0x080019d9   Thumb Code   242  stm32f4xx_hal_tim.o(i.HAL_TIM_ConfigClockSource)
    HAL_TIM_ErrorCallback                    0x08001acb   Thumb Code     2  stm32f4xx_hal_tim.o(i.HAL_TIM_ErrorCallback)
    HAL_TIM_IC_CaptureCallback               0x08001acd   Thumb Code    14  main.o(i.HAL_TIM_IC_CaptureCallback)
    HAL_TIM_IC_ConfigChannel                 0x08001ae1   Thumb Code   286  stm32f4xx_hal_tim.o(i.HAL_TIM_IC_ConfigChannel)
    HAL_TIM_IC_Init                          0x08001bff   Thumb Code    54  stm32f4xx_hal_tim.o(i.HAL_TIM_IC_Init)
    HAL_TIM_IC_MspInit                       0x08001c35   Thumb Code     2  stm32f4xx_hal_tim.o(i.HAL_TIM_IC_MspInit)
    HAL_TIM_IC_Start_DMA                     0x08001c39   Thumb Code   190  stm32f4xx_hal_tim.o(i.HAL_TIM_IC_Start_DMA)
    HAL_TIM_IRQHandler                       0x08001d01   Thumb Code   358  stm32f4xx_hal_tim.o(i.HAL_TIM_IRQHandler)
    HAL_TIM_MspPostInit                      0x08001e69   Thumb Code    42  tim.o(i.HAL_TIM_MspPostInit)
    HAL_TIM_OC_DelayElapsedCallback          0x08001e99   Thumb Code     2  stm32f4xx_hal_tim.o(i.HAL_TIM_OC_DelayElapsedCallback)
    HAL_TIM_PWM_ConfigChannel                0x08001e9b   Thumb Code   208  stm32f4xx_hal_tim.o(i.HAL_TIM_PWM_ConfigChannel)
    HAL_TIM_PWM_Init                         0x08001f6b   Thumb Code    54  stm32f4xx_hal_tim.o(i.HAL_TIM_PWM_Init)
    HAL_TIM_PWM_MspInit                      0x08001fa1   Thumb Code     2  stm32f4xx_hal_tim.o(i.HAL_TIM_PWM_MspInit)
    HAL_TIM_PWM_PulseFinishedCallback        0x08001fa3   Thumb Code     2  stm32f4xx_hal_tim.o(i.HAL_TIM_PWM_PulseFinishedCallback)
    HAL_TIM_PeriodElapsedCallback            0x08001fa5   Thumb Code    50  main.o(i.HAL_TIM_PeriodElapsedCallback)
    HAL_TIM_TriggerCallback                  0x08001fdd   Thumb Code     2  stm32f4xx_hal_tim.o(i.HAL_TIM_TriggerCallback)
    HAL_UART_Init                            0x08001fdf   Thumb Code    98  stm32f4xx_hal_uart.o(i.HAL_UART_Init)
    HAL_UART_MspInit                         0x08002041   Thumb Code    62  usart.o(i.HAL_UART_MspInit)
    LCD_Begin                                0x0800208d   Thumb Code   100  lcd_v2.o(i.LCD_Begin)
    LCD_DrawChar                             0x08002119   Thumb Code   234  lcd_v2.o(i.LCD_DrawChar)
    LCD_DrawFastHLine                        0x08002211   Thumb Code   136  lcd_v2.o(i.LCD_DrawFastHLine)
    LCD_DrawFastVLine                        0x080022a1   Thumb Code    30  lcd_v2.o(i.LCD_DrawFastVLine)
    LCD_DrawLine                             0x080022bf   Thumb Code   206  lcd_v2.o(i.LCD_DrawLine)
    LCD_DrawPicture                          0x0800238d   Thumb Code   126  main.o(i.LCD_DrawPicture)
    LCD_DrawPixel                            0x08002411   Thumb Code   142  lcd_v2.o(i.LCD_DrawPixel)
    LCD_DrawRect                             0x080024a9   Thumb Code    76  lcd_v2.o(i.LCD_DrawRect)
    LCD_FillCircle                           0x080024f5   Thumb Code    52  lcd_v2.o(i.LCD_FillCircle)
    LCD_FillCircleHelper                     0x08002529   Thumb Code   198  lcd_v2.o(i.LCD_FillCircleHelper)
    LCD_FillRect                             0x080025f1   Thumb Code   202  lcd_v2.o(i.LCD_FillRect)
    LCD_FillRoundRect                        0x080026c5   Thumb Code   108  lcd_v2.o(i.LCD_FillRoundRect)
    LCD_FillScreen                           0x08002731   Thumb Code    88  lcd_v2.o(i.LCD_FillScreen)
    LCD_Flood                                0x08002791   Thumb Code   570  lcd_v2.o(i.LCD_Flood)
    LCD_Printf                               0x080029d5   Thumb Code   192  lcd_v2.o(i.LCD_Printf)
    LCD_Reset                                0x08002aed   Thumb Code   140  lcd_v2.o(i.LCD_Reset)
    LCD_SetAddrWindow                        0x08002b85   Thumb Code   186  lcd_v2.o(i.LCD_SetAddrWindow)
    LCD_SetCursor                            0x08002c49   Thumb Code    14  lcd_v2.o(i.LCD_SetCursor)
    LCD_SetRotation                          0x08002c61   Thumb Code    68  lcd_v2.o(i.LCD_SetRotation)
    LCD_SetTextSize                          0x08002cb1   Thumb Code    16  lcd_v2.o(i.LCD_SetTextSize)
    LCD_Write8                               0x08002cc5   Thumb Code   142  lcd_v2.o(i.LCD_Write8)
    LCD_WriteRegister16                      0x08002d61   Thumb Code    64  lcd_v2.o(i.LCD_WriteRegister16)
    MX_DAC_Init                              0x08002da5   Thumb Code    56  dac.o(i.MX_DAC_Init)
    MX_DMA_Init                              0x08002df5   Thumb Code    56  dma.o(i.MX_DMA_Init)
    MX_GPIO_Init                             0x08002e31   Thumb Code   200  gpio.o(i.MX_GPIO_Init)
    MX_TIM2_Init                             0x08002f0d   Thumb Code   150  tim.o(i.MX_TIM2_Init)
    MX_TIM3_Init                             0x08002fb9   Thumb Code   140  tim.o(i.MX_TIM3_Init)
    MX_TIM4_Init                             0x0800305d   Thumb Code    92  tim.o(i.MX_TIM4_Init)
    MX_USART2_UART_Init                      0x080030d1   Thumb Code    52  usart.o(i.MX_USART2_UART_Init)
    PendSV_Handler                           0x0800313d   Thumb Code     2  stm32f4xx_it.o(i.PendSV_Handler)
    SVC_Handler                              0x0800313f   Thumb Code     2  stm32f4xx_it.o(i.SVC_Handler)
    SysTick_Handler                          0x08003141   Thumb Code    14  stm32f4xx_it.o(i.SysTick_Handler)
    SystemClock_Config                       0x08003151   Thumb Code   152  main.o(i.SystemClock_Config)
    SystemInit                               0x080031f1   Thumb Code    66  system_stm32f4xx.o(i.SystemInit)
    TIM2_IRQHandler                          0x08003245   Thumb Code     6  stm32f4xx_it.o(i.TIM2_IRQHandler)
    TIM3_IRQHandler                          0x08003251   Thumb Code     6  stm32f4xx_it.o(i.TIM3_IRQHandler)
    TIM4_IRQHandler                          0x0800325d   Thumb Code     6  stm32f4xx_it.o(i.TIM4_IRQHandler)
    TIM_Base_SetConfig                       0x08003269   Thumb Code   148  stm32f4xx_hal_tim.o(i.TIM_Base_SetConfig)
    TIM_CCxChannelCmd                        0x08003329   Thumb Code    22  stm32f4xx_hal_tim.o(i.TIM_CCxChannelCmd)
    TIM_DMACaptureCplt                       0x0800333f   Thumb Code    62  stm32f4xx_hal_tim.o(i.TIM_DMACaptureCplt)
    TIM_DMAError                             0x0800337d   Thumb Code    16  stm32f4xx_hal_tim.o(i.TIM_DMAError)
    TIM_OC2_SetConfig                        0x08003409   Thumb Code    90  stm32f4xx_hal_tim.o(i.TIM_OC2_SetConfig)
    TIM_TI1_SetConfig                        0x08003541   Thumb Code   104  stm32f4xx_hal_tim.o(i.TIM_TI1_SetConfig)
    _Error_Handler                           0x080038cd   Thumb Code     2  main.o(i._Error_Handler)
    __0vsprintf                              0x080038d1   Thumb Code    30  printfa.o(i.__0vsprintf)
    __1vsprintf                              0x080038d1   Thumb Code     0  printfa.o(i.__0vsprintf)
    __2vsprintf                              0x080038d1   Thumb Code     0  printfa.o(i.__0vsprintf)
    __c89vsprintf                            0x080038d1   Thumb Code     0  printfa.o(i.__0vsprintf)
    vsprintf                                 0x080038d1   Thumb Code     0  printfa.o(i.__0vsprintf)
    __ARM_fpclassifyf                        0x080038f5   Thumb Code    38  fpclassifyf.o(i.__ARM_fpclassifyf)
    __hardfp_powf                            0x0800391d   Thumb Code  1606  powf.o(i.__hardfp_powf)
    __mathlib_powf                           0x0800391d   Thumb Code     0  powf.o(i.__hardfp_powf)
    __mathlib_flt_divzero                    0x08003f81   Thumb Code    14  funder.o(i.__mathlib_flt_divzero)
    __mathlib_flt_infnan2                    0x08003f95   Thumb Code     6  funder.o(i.__mathlib_flt_infnan2)
    __mathlib_flt_invalid                    0x08003f9d   Thumb Code    10  funder.o(i.__mathlib_flt_invalid)
    __mathlib_flt_overflow                   0x08003fad   Thumb Code    10  funder.o(i.__mathlib_flt_overflow)
    __mathlib_flt_underflow                  0x08003fbd   Thumb Code    10  funder.o(i.__mathlib_flt_underflow)
    __scatterload_copy                       0x08003fcd   Thumb Code    14  handlers.o(i.__scatterload_copy)
    __scatterload_null                       0x08003fdb   Thumb Code     2  handlers.o(i.__scatterload_null)
    __scatterload_zeroinit                   0x08003fdd   Thumb Code    14  handlers.o(i.__scatterload_zeroinit)
    __set_errno                              0x08003fed   Thumb Code     6  errno.o(i.__set_errno)
    delay                                    0x080048b5   Thumb Code    12  lcd_v2.o(i.delay)
    keyPressed                               0x080048c1   Thumb Code    62  main.o(i.keyPressed)
    main                                     0x08004901   Thumb Code   484  main.o(i.main)
    play_note                                0x08004b05   Thumb Code    90  main.o(i.play_note)
    readCol                                  0x08004b6d   Thumb Code    70  main.o(i.readCol)
    refresh_distance                         0x08004bbd   Thumb Code   232  main.o(i.refresh_distance)
    refresh_note                             0x08004cc1   Thumb Code   492  main.o(i.refresh_note)
    selectRow                                0x08004ec5   Thumb Code    54  main.o(i.selectRow)
    showFenetrePrincipal                     0x08004f05   Thumb Code   806  main.o(i.showFenetrePrincipal)
    showGammeMenu                            0x08005281   Thumb Code   142  main.o(i.showGammeMenu)
    showInstrumentMenu                       0x08005351   Thumb Code   170  main.o(i.showInstrumentMenu)
    showModeMenu                             0x08005441   Thumb Code   142  main.o(i.showModeMenu)
    showNoteMode0                            0x08005511   Thumb Code   118  main.o(i.showNoteMode0)
    showNoteMode1                            0x0800559d   Thumb Code    60  main.o(i.showNoteMode1)
    showNoteMode2                            0x080055e5   Thumb Code    90  main.o(i.showNoteMode2)
    update_tab                               0x0800564d   Thumb Code   282  main.o(i.update_tab)
    position1                                0x08005ac8   Data           4  main.o(.constdata)
    position02                               0x08005acc   Data           4  main.o(.constdata)
    tab_BEN                                  0x08005ad0   Data          76  main.o(.constdata)
    photo_JP                                 0x08005b1c   Data        5265  main.o(.constdata)
    photo_Zelda                              0x08006fad   Data        1050  main.o(.constdata)
    photo_Mario                              0x080073c7   Data         285  main.o(.constdata)
    ZELDA_LUT                                0x080074e4   Data         128  main.o(.constdata)
    MARIO_LUT                                0x08007564   Data         304  main.o(.constdata)
    PIANO_LUT                                0x08007694   Data         340  main.o(.constdata)
    FLUTE_LUT                                0x080077e8   Data         340  main.o(.constdata)
    VIOLON_LUT                               0x0800793c   Data         340  main.o(.constdata)
    SINE_LUT                                 0x08007a90   Data         340  main.o(.constdata)
    AHBPrescTable                            0x08007bec   Data          16  system_stm32f4xx.o(.constdata)
    APBPrescTable                            0x08007bfc   Data           8  system_stm32f4xx.o(.constdata)
    Region$$Table$$Base                      0x08007d44   Number         0  anon$$obj.o(Region$$Table)
    Region$$Table$$Limit                     0x08007d64   Number         0  anon$$obj.o(Region$$Table)
    captureDone                              0x20000010   Data           1  main.o(.data)
    flag_half_second                         0x20000011   Data           1  main.o(.data)
    flag_tempo                               0x20000012   Data           1  main.o(.data)
    DMA_done                                 0x20000013   Data           1  main.o(.data)
    DMA_state                                0x20000014   Data           1  main.o(.data)
    it                                       0x2000001c   Data           4  main.o(.data)
    diffCarre                                0x20000020   Data           4  main.o(.data)
    signal_freq                              0x20000024   Data           4  main.o(.data)
    nb_points_adsr                           0x20000028   Data           4  main.o(.data)
    iterateur_adsr                           0x2000002c   Data           4  main.o(.data)
    amplitude_modulator                      0x20000030   Data           4  main.o(.data)
    phase                                    0x20000034   Data           4  main.o(.data)
    instrument_id                            0x20000038   Data           4  main.o(.data)
    to_write                                 0x2000003c   Data           4  main.o(.data)
    to_process                               0x20000040   Data           4  main.o(.data)
    note_buffer                              0x20000044   Data           4  main.o(.data)
    notes_musique                            0x20000048   Data           4  main.o(.data)
    mean                                     0x2000004c   Data           8  main.o(.data)
    note                                     0x20000054   Data           8  main.o(.data)
    captures                                 0x2000005c   Data           8  main.o(.data)
    instruments                              0x20000064   Data          20  main.o(.data)
    LUT_TABLE                                0x20000078   Data          20  main.o(.data)
    jeu                                      0x2000008c   Data          16  main.o(.data)
    piano                                    0x2000009c   Data          16  main.o(.data)
    violon                                   0x200000ac   Data          16  main.o(.data)
    flute                                    0x200000bc   Data          16  main.o(.data)
    diapason                                 0x200000cc   Data          16  main.o(.data)
    uwTickFreq                               0x200000dc   Data           1  stm32f4xx_hal.o(.data)
    uwTickPrio                               0x200000e0   Data           4  stm32f4xx_hal.o(.data)
    uwTick                                   0x200000e4   Data           4  stm32f4xx_hal.o(.data)
    SystemCoreClock                          0x200000e8   Data           4  system_stm32f4xx.o(.data)
    distances                                0x200001f0   Data          80  main.o(.bss)
    dac_buffer_ping                          0x20000240   Data        8000  main.o(.bss)
    dac_buffer_pong                          0x20002180   Data        8000  main.o(.bss)
    setting1                                 0x200040c0   Data          12  main.o(.bss)
    hdac                                     0x200040cc   Data          20  dac.o(.bss)
    hdma_dac2                                0x200040e0   Data          96  dac.o(.bss)
    htim2                                    0x20004140   Data          60  tim.o(.bss)
    htim3                                    0x2000417c   Data          60  tim.o(.bss)
    htim4                                    0x200041b8   Data          60  tim.o(.bss)
    hdma_tim3_ch3                            0x200041f4   Data          96  tim.o(.bss)
    huart2                                   0x20004254   Data          64  usart.o(.bss)
    __initial_sp                             0x20004698   Data           0  startup_stm32f446xx.o(STACK)



==============================================================================

Memory Map of the image

  Image Entry point : 0x080001c5

  Load Region LR_IROM1 (Base: 0x08000000, Size: 0x00007e54, Max: 0x00080000, ABSOLUTE)

    Execution Region ER_IROM1 (Exec base: 0x08000000, Load base: 0x08000000, Size: 0x00007d64, Max: 0x00080000, ABSOLUTE)

    Exec Addr    Load Addr    Size         Type   Attr      Idx    E Section Name        Object

    0x08000000   0x08000000   0x000001c4   Data   RO            3    RESET               startup_stm32f446xx.o
    0x080001c4   0x080001c4   0x00000000   Code   RO         3558  * .ARM.Collect$$$$00000000  mc_w.l(entry.o)
    0x080001c4   0x080001c4   0x00000004   Code   RO         3609    .ARM.Collect$$$$00000001  mc_w.l(entry2.o)
    0x080001c8   0x080001c8   0x00000004   Code   RO         3612    .ARM.Collect$$$$00000004  mc_w.l(entry5.o)
    0x080001cc   0x080001cc   0x00000000   Code   RO         3614    .ARM.Collect$$$$00000008  mc_w.l(entry7b.o)
    0x080001cc   0x080001cc   0x00000000   Code   RO         3616    .ARM.Collect$$$$0000000A  mc_w.l(entry8b.o)
    0x080001cc   0x080001cc   0x00000008   Code   RO         3617    .ARM.Collect$$$$0000000B  mc_w.l(entry9a.o)
    0x080001d4   0x080001d4   0x00000000   Code   RO         3619    .ARM.Collect$$$$0000000D  mc_w.l(entry10a.o)
    0x080001d4   0x080001d4   0x00000000   Code   RO         3621    .ARM.Collect$$$$0000000F  mc_w.l(entry11a.o)
    0x080001d4   0x080001d4   0x00000004   Code   RO         3610    .ARM.Collect$$$$00002712  mc_w.l(entry2.o)
    0x080001d8   0x080001d8   0x00000024   Code   RO            4    .text               startup_stm32f446xx.o
    0x080001fc   0x080001fc   0x00000062   Code   RO         3561    .text               mc_w.l(uldiv.o)
    0x0800025e   0x0800025e   0x00000026   Code   RO         3591    .text               mf_w.l(f2d.o)
    0x08000284   0x08000284   0x0000002c   Code   RO         3626    .text               mc_w.l(uidiv.o)
    0x080002b0   0x080002b0   0x0000001e   Code   RO         3628    .text               mc_w.l(llshl.o)
    0x080002ce   0x080002ce   0x00000020   Code   RO         3630    .text               mc_w.l(llushr.o)
    0x080002ee   0x080002ee   0x00000000   Code   RO         3639    .text               mc_w.l(iusefp.o)
    0x080002ee   0x080002ee   0x0000014e   Code   RO         3640    .text               mf_w.l(dadd.o)
    0x0800043c   0x0800043c   0x000000e4   Code   RO         3642    .text               mf_w.l(dmul.o)
    0x08000520   0x08000520   0x000000de   Code   RO         3644    .text               mf_w.l(ddiv.o)
    0x080005fe   0x080005fe   0x00000030   Code   RO         3646    .text               mf_w.l(dfixul.o)
    0x0800062e   0x0800062e   0x00000002   PAD
    0x08000630   0x08000630   0x00000030   Code   RO         3648    .text               mf_w.l(cdrcmple.o)
    0x08000660   0x08000660   0x00000004   Code   RO         3650    .text               mf_w.l(fpstat.o)
    0x08000664   0x08000664   0x00000024   Code   RO         3652    .text               mc_w.l(init.o)
    0x08000688   0x08000688   0x00000024   Code   RO         3655    .text               mc_w.l(llsshr.o)
    0x080006ac   0x080006ac   0x000000ba   Code   RO         3658    .text               mf_w.l(depilogue.o)
    0x08000766   0x08000766   0x00000010   Code   RO          941    i.DAC_DMAConvCpltCh1  stm32f4xx_hal_dac.o
    0x08000776   0x08000776   0x00000010   Code   RO         1082    i.DAC_DMAConvCpltCh2  stm32f4xx_hal_dac_ex.o
    0x08000786   0x08000786   0x00000018   Code   RO          942    i.DAC_DMAErrorCh1   stm32f4xx_hal_dac.o
    0x0800079e   0x0800079e   0x00000018   Code   RO         1083    i.DAC_DMAErrorCh2   stm32f4xx_hal_dac_ex.o
    0x080007b6   0x080007b6   0x0000000a   Code   RO          943    i.DAC_DMAHalfConvCpltCh1  stm32f4xx_hal_dac.o
    0x080007c0   0x080007c0   0x0000000a   Code   RO         1084    i.DAC_DMAHalfConvCpltCh2  stm32f4xx_hal_dac_ex.o
    0x080007ca   0x080007ca   0x00000002   PAD
    0x080007cc   0x080007cc   0x0000000c   Code   RO          847    i.DMA1_Stream6_IRQHandler  stm32f4xx_it.o
    0x080007d8   0x080007d8   0x0000000c   Code   RO          848    i.DMA1_Stream7_IRQHandler  stm32f4xx_it.o
    0x080007e4   0x080007e4   0x00000028   Code   RO         2905    i.DMA_CalcBaseAndBitshift  stm32f4xx_hal_dma.o
    0x0800080c   0x0800080c   0x00000054   Code   RO         2906    i.DMA_CheckFifoParam  stm32f4xx_hal_dma.o
    0x08000860   0x08000860   0x00000028   Code   RO         2907    i.DMA_SetConfig     stm32f4xx_hal_dma.o
    0x08000888   0x08000888   0x000000f0   Code   RO          331    i.DerroulementMenu  main.o
    0x08000978   0x08000978   0x000000bc   Code   RO           13    i.GPIO_Init         lcd_v2.o
    0x08000a34   0x08000a34   0x0000000c   Code   RO          332    i.HAL_DACEx_ConvCpltCallbackCh2  main.o
    0x08000a40   0x08000a40   0x00000002   Code   RO         1086    i.HAL_DACEx_ConvHalfCpltCallbackCh2  stm32f4xx_hal_dac_ex.o
    0x08000a42   0x08000a42   0x00000002   Code   RO         1090    i.HAL_DACEx_ErrorCallbackCh2  stm32f4xx_hal_dac_ex.o
    0x08000a44   0x08000a44   0x00000042   Code   RO          944    i.HAL_DAC_ConfigChannel  stm32f4xx_hal_dac.o
    0x08000a86   0x08000a86   0x00000002   Code   RO          945    i.HAL_DAC_ConvCpltCallbackCh1  stm32f4xx_hal_dac.o
    0x08000a88   0x08000a88   0x00000002   Code   RO          946    i.HAL_DAC_ConvHalfCpltCallbackCh1  stm32f4xx_hal_dac.o
    0x08000a8a   0x08000a8a   0x00000002   Code   RO          949    i.HAL_DAC_ErrorCallbackCh1  stm32f4xx_hal_dac.o
    0x08000a8c   0x08000a8c   0x00000028   Code   RO          954    i.HAL_DAC_Init      stm32f4xx_hal_dac.o
    0x08000ab4   0x08000ab4   0x00000098   Code   RO          677    i.HAL_DAC_MspInit   dac.o
    0x08000b4c   0x08000b4c   0x00000100   Code   RO          959    i.HAL_DAC_Start_DMA  stm32f4xx_hal_dac.o
    0x08000c4c   0x08000c4c   0x000001a0   Code   RO         2913    i.HAL_DMA_IRQHandler  stm32f4xx_hal_dma.o
    0x08000dec   0x08000dec   0x000000d4   Code   RO         2914    i.HAL_DMA_Init      stm32f4xx_hal_dma.o
    0x08000ec0   0x08000ec0   0x00000078   Code   RO         2918    i.HAL_DMA_Start_IT  stm32f4xx_hal_dma.o
    0x08000f38   0x08000f38   0x00000024   Code   RO         3345    i.HAL_Delay         stm32f4xx_hal.o
    0x08000f5c   0x08000f5c   0x000001a4   Code   RO         2801    i.HAL_GPIO_Init     stm32f4xx_hal_gpio.o
    0x08001100   0x08001100   0x0000000a   Code   RO         2803    i.HAL_GPIO_ReadPin  stm32f4xx_hal_gpio.o
    0x0800110a   0x0800110a   0x0000000a   Code   RO         2805    i.HAL_GPIO_WritePin  stm32f4xx_hal_gpio.o
    0x08001114   0x08001114   0x0000000c   Code   RO         3351    i.HAL_GetTick       stm32f4xx_hal.o
    0x08001120   0x08001120   0x00000010   Code   RO         3355    i.HAL_IncTick       stm32f4xx_hal.o
    0x08001130   0x08001130   0x00000034   Code   RO         3356    i.HAL_Init          stm32f4xx_hal.o
    0x08001164   0x08001164   0x00000040   Code   RO         3357    i.HAL_InitTick      stm32f4xx_hal.o
    0x080011a4   0x080011a4   0x00000084   Code   RO          917    i.HAL_MspInit       stm32f4xx_hal_msp.o
    0x08001228   0x08001228   0x00000016   Code   RO         3208    i.HAL_NVIC_EnableIRQ  stm32f4xx_hal_cortex.o
    0x0800123e   0x0800123e   0x00000002   PAD
    0x08001240   0x08001240   0x00000040   Code   RO         3214    i.HAL_NVIC_SetPriority  stm32f4xx_hal_cortex.o
    0x08001280   0x08001280   0x00000024   Code   RO         3215    i.HAL_NVIC_SetPriorityGrouping  stm32f4xx_hal_cortex.o
    0x080012a4   0x080012a4   0x00000130   Code   RO         2363    i.HAL_RCC_ClockConfig  stm32f4xx_hal_rcc.o
    0x080013d4   0x080013d4   0x0000000c   Code   RO         2368    i.HAL_RCC_GetHCLKFreq  stm32f4xx_hal_rcc.o
    0x080013e0   0x080013e0   0x00000020   Code   RO         2370    i.HAL_RCC_GetPCLK1Freq  stm32f4xx_hal_rcc.o
    0x08001400   0x08001400   0x00000020   Code   RO         2371    i.HAL_RCC_GetPCLK2Freq  stm32f4xx_hal_rcc.o
    0x08001420   0x08001420   0x00000094   Code   RO         2474    i.HAL_RCC_GetSysClockFreq  stm32f4xx_hal_rcc_ex.o
    0x080014b4   0x080014b4   0x00000344   Code   RO         2475    i.HAL_RCC_OscConfig  stm32f4xx_hal_rcc_ex.o
    0x080017f8   0x080017f8   0x00000018   Code   RO         3217    i.HAL_SYSTICK_CLKSourceConfig  stm32f4xx_hal_cortex.o
    0x08001810   0x08001810   0x00000002   Code   RO         3218    i.HAL_SYSTICK_Callback  stm32f4xx_hal_cortex.o
    0x08001812   0x08001812   0x00000028   Code   RO         3219    i.HAL_SYSTICK_Config  stm32f4xx_hal_cortex.o
    0x0800183a   0x0800183a   0x00000008   Code   RO         3220    i.HAL_SYSTICK_IRQHandler  stm32f4xx_hal_cortex.o
    0x08001842   0x08001842   0x00000002   Code   RO         1797    i.HAL_TIMEx_BreakCallback  stm32f4xx_hal_tim_ex.o
    0x08001844   0x08001844   0x00000002   Code   RO         1798    i.HAL_TIMEx_CommutationCallback  stm32f4xx_hal_tim_ex.o
    0x08001846   0x08001846   0x00000050   Code   RO         1814    i.HAL_TIMEx_MasterConfigSynchronization  stm32f4xx_hal_tim_ex.o
    0x08001896   0x08001896   0x00000036   Code   RO         1168    i.HAL_TIM_Base_Init  stm32f4xx_hal_tim.o
    0x080018cc   0x080018cc   0x000000f4   Code   RO          746    i.HAL_TIM_Base_MspInit  tim.o
    0x080019c0   0x080019c0   0x00000018   Code   RO         1173    i.HAL_TIM_Base_Start_IT  stm32f4xx_hal_tim.o
    0x080019d8   0x080019d8   0x000000f2   Code   RO         1177    i.HAL_TIM_ConfigClockSource  stm32f4xx_hal_tim.o
    0x08001aca   0x08001aca   0x00000002   Code   RO         1195    i.HAL_TIM_ErrorCallback  stm32f4xx_hal_tim.o
    0x08001acc   0x08001acc   0x00000014   Code   RO          333    i.HAL_TIM_IC_CaptureCallback  main.o
    0x08001ae0   0x08001ae0   0x0000011e   Code   RO         1198    i.HAL_TIM_IC_ConfigChannel  stm32f4xx_hal_tim.o
    0x08001bfe   0x08001bfe   0x00000036   Code   RO         1201    i.HAL_TIM_IC_Init   stm32f4xx_hal_tim.o
    0x08001c34   0x08001c34   0x00000002   Code   RO         1203    i.HAL_TIM_IC_MspInit  stm32f4xx_hal_tim.o
    0x08001c36   0x08001c36   0x00000002   PAD
    0x08001c38   0x08001c38   0x000000c8   Code   RO         1205    i.HAL_TIM_IC_Start_DMA  stm32f4xx_hal_tim.o
    0x08001d00   0x08001d00   0x00000166   Code   RO         1210    i.HAL_TIM_IRQHandler  stm32f4xx_hal_tim.o
    0x08001e66   0x08001e66   0x00000002   PAD
    0x08001e68   0x08001e68   0x00000030   Code   RO          747    i.HAL_TIM_MspPostInit  tim.o
    0x08001e98   0x08001e98   0x00000002   Code   RO         1213    i.HAL_TIM_OC_DelayElapsedCallback  stm32f4xx_hal_tim.o
    0x08001e9a   0x08001e9a   0x000000d0   Code   RO         1234    i.HAL_TIM_PWM_ConfigChannel  stm32f4xx_hal_tim.o
    0x08001f6a   0x08001f6a   0x00000036   Code   RO         1237    i.HAL_TIM_PWM_Init  stm32f4xx_hal_tim.o
    0x08001fa0   0x08001fa0   0x00000002   Code   RO         1239    i.HAL_TIM_PWM_MspInit  stm32f4xx_hal_tim.o
    0x08001fa2   0x08001fa2   0x00000002   Code   RO         1240    i.HAL_TIM_PWM_PulseFinishedCallback  stm32f4xx_hal_tim.o
    0x08001fa4   0x08001fa4   0x00000038   Code   RO          334    i.HAL_TIM_PeriodElapsedCallback  main.o
    0x08001fdc   0x08001fdc   0x00000002   Code   RO         1251    i.HAL_TIM_TriggerCallback  stm32f4xx_hal_tim.o
    0x08001fde   0x08001fde   0x00000062   Code   RO         2061    i.HAL_UART_Init     stm32f4xx_hal_uart.o
    0x08002040   0x08002040   0x0000004c   Code   RO          806    i.HAL_UART_MspInit  usart.o
    0x0800208c   0x0800208c   0x0000008c   Code   RO           14    i.LCD_Begin         lcd_v2.o
    0x08002118   0x08002118   0x000000f8   Code   RO           16    i.LCD_DrawChar      lcd_v2.o
    0x08002210   0x08002210   0x00000090   Code   RO           19    i.LCD_DrawFastHLine  lcd_v2.o
    0x080022a0   0x080022a0   0x0000001e   Code   RO           20    i.LCD_DrawFastVLine  lcd_v2.o
    0x080022be   0x080022be   0x000000ce   Code   RO           21    i.LCD_DrawLine      lcd_v2.o
    0x0800238c   0x0800238c   0x00000084   Code   RO          335    i.LCD_DrawPicture   main.o
    0x08002410   0x08002410   0x00000098   Code   RO           22    i.LCD_DrawPixel     lcd_v2.o
    0x080024a8   0x080024a8   0x0000004c   Code   RO           23    i.LCD_DrawRect      lcd_v2.o
    0x080024f4   0x080024f4   0x00000034   Code   RO           25    i.LCD_FillCircle    lcd_v2.o
    0x08002528   0x08002528   0x000000c6   Code   RO           26    i.LCD_FillCircleHelper  lcd_v2.o
    0x080025ee   0x080025ee   0x00000002   PAD
    0x080025f0   0x080025f0   0x000000d4   Code   RO           27    i.LCD_FillRect      lcd_v2.o
    0x080026c4   0x080026c4   0x0000006c   Code   RO           28    i.LCD_FillRoundRect  lcd_v2.o
    0x08002730   0x08002730   0x00000060   Code   RO           29    i.LCD_FillScreen    lcd_v2.o
    0x08002790   0x08002790   0x00000244   Code   RO           30    i.LCD_Flood         lcd_v2.o
    0x080029d4   0x080029d4   0x000000e0   Code   RO           31    i.LCD_Printf        lcd_v2.o
    0x08002ab4   0x08002ab4   0x00000038   Code   RO           32    i.LCD_Register_Init  lcd_v2.o
    0x08002aec   0x08002aec   0x00000098   Code   RO           33    i.LCD_Reset         lcd_v2.o
    0x08002b84   0x08002b84   0x000000c4   Code   RO           34    i.LCD_SetAddrWindow  lcd_v2.o
    0x08002c48   0x08002c48   0x00000018   Code   RO           35    i.LCD_SetCursor     lcd_v2.o
    0x08002c60   0x08002c60   0x00000050   Code   RO           36    i.LCD_SetRotation   lcd_v2.o
    0x08002cb0   0x08002cb0   0x00000014   Code   RO           38    i.LCD_SetTextSize   lcd_v2.o
    0x08002cc4   0x08002cc4   0x0000009c   Code   RO           40    i.LCD_Write8        lcd_v2.o
    0x08002d60   0x08002d60   0x00000044   Code   RO           41    i.LCD_WriteRegister16  lcd_v2.o
    0x08002da4   0x08002da4   0x00000050   Code   RO          678    i.MX_DAC_Init       dac.o
    0x08002df4   0x08002df4   0x0000003c   Code   RO          721    i.MX_DMA_Init       dma.o
    0x08002e30   0x08002e30   0x000000dc   Code   RO          649    i.MX_GPIO_Init      gpio.o
    0x08002f0c   0x08002f0c   0x000000ac   Code   RO          748    i.MX_TIM2_Init      tim.o
    0x08002fb8   0x08002fb8   0x000000a4   Code   RO          749    i.MX_TIM3_Init      tim.o
    0x0800305c   0x0800305c   0x00000074   Code   RO          750    i.MX_TIM4_Init      tim.o
    0x080030d0   0x080030d0   0x0000004c   Code   RO          807    i.MX_USART2_UART_Init  usart.o
    0x0800311c   0x0800311c   0x00000020   Code   RO         3221    i.NVIC_SetPriority  stm32f4xx_hal_cortex.o
    0x0800313c   0x0800313c   0x00000002   Code   RO          849    i.PendSV_Handler    stm32f4xx_it.o
    0x0800313e   0x0800313e   0x00000002   Code   RO          850    i.SVC_Handler       stm32f4xx_it.o
    0x08003140   0x08003140   0x0000000e   Code   RO          851    i.SysTick_Handler   stm32f4xx_it.o
    0x0800314e   0x0800314e   0x00000002   PAD
    0x08003150   0x08003150   0x000000a0   Code   RO          336    i.SystemClock_Config  main.o
    0x080031f0   0x080031f0   0x00000054   Code   RO         3510    i.SystemInit        system_stm32f4xx.o
    0x08003244   0x08003244   0x0000000c   Code   RO          852    i.TIM2_IRQHandler   stm32f4xx_it.o
    0x08003250   0x08003250   0x0000000c   Code   RO          853    i.TIM3_IRQHandler   stm32f4xx_it.o
    0x0800325c   0x0800325c   0x0000000c   Code   RO          854    i.TIM4_IRQHandler   stm32f4xx_it.o
    0x08003268   0x08003268   0x000000c0   Code   RO         1252    i.TIM_Base_SetConfig  stm32f4xx_hal_tim.o
    0x08003328   0x08003328   0x00000016   Code   RO         1253    i.TIM_CCxChannelCmd  stm32f4xx_hal_tim.o
    0x0800333e   0x0800333e   0x0000003e   Code   RO         1254    i.TIM_DMACaptureCplt  stm32f4xx_hal_tim.o
    0x0800337c   0x0800337c   0x00000010   Code   RO         1256    i.TIM_DMAError      stm32f4xx_hal_tim.o
    0x0800338c   0x0800338c   0x00000014   Code   RO         1259    i.TIM_ETR_SetConfig  stm32f4xx_hal_tim.o
    0x080033a0   0x080033a0   0x00000010   Code   RO         1260    i.TIM_ITRx_SetConfig  stm32f4xx_hal_tim.o
    0x080033b0   0x080033b0   0x00000058   Code   RO         1261    i.TIM_OC1_SetConfig  stm32f4xx_hal_tim.o
    0x08003408   0x08003408   0x00000064   Code   RO         1262    i.TIM_OC2_SetConfig  stm32f4xx_hal_tim.o
    0x0800346c   0x0800346c   0x00000060   Code   RO         1263    i.TIM_OC3_SetConfig  stm32f4xx_hal_tim.o
    0x080034cc   0x080034cc   0x00000050   Code   RO         1264    i.TIM_OC4_SetConfig  stm32f4xx_hal_tim.o
    0x0800351c   0x0800351c   0x00000022   Code   RO         1266    i.TIM_TI1_ConfigInputStage  stm32f4xx_hal_tim.o
    0x0800353e   0x0800353e   0x00000002   PAD
    0x08003540   0x08003540   0x00000084   Code   RO         1267    i.TIM_TI1_SetConfig  stm32f4xx_hal_tim.o
    0x080035c4   0x080035c4   0x00000024   Code   RO         1268    i.TIM_TI2_ConfigInputStage  stm32f4xx_hal_tim.o
    0x080035e8   0x080035e8   0x00000036   Code   RO         1269    i.TIM_TI2_SetConfig  stm32f4xx_hal_tim.o
    0x0800361e   0x0800361e   0x00000002   PAD
    0x08003620   0x08003620   0x000002ac   Code   RO         2087    i.UART_SetConfig    stm32f4xx_hal_uart.o
    0x080038cc   0x080038cc   0x00000002   Code   RO          337    i._Error_Handler    main.o
    0x080038ce   0x080038ce   0x00000002   PAD
    0x080038d0   0x080038d0   0x00000024   Code   RO         3570    i.__0vsprintf       mc_w.l(printfa.o)
    0x080038f4   0x080038f4   0x00000026   Code   RO         3593    i.__ARM_fpclassifyf  m_wm.l(fpclassifyf.o)
    0x0800391a   0x0800391a   0x00000002   PAD
    0x0800391c   0x0800391c   0x00000664   Code   RO         3544    i.__hardfp_powf     m_wm.l(powf.o)
    0x08003f80   0x08003f80   0x00000014   Code   RO         3595    i.__mathlib_flt_divzero  m_wm.l(funder.o)
    0x08003f94   0x08003f94   0x00000006   Code   RO         3597    i.__mathlib_flt_infnan2  m_wm.l(funder.o)
    0x08003f9a   0x08003f9a   0x00000002   PAD
    0x08003f9c   0x08003f9c   0x00000010   Code   RO         3598    i.__mathlib_flt_invalid  m_wm.l(funder.o)
    0x08003fac   0x08003fac   0x00000010   Code   RO         3599    i.__mathlib_flt_overflow  m_wm.l(funder.o)
    0x08003fbc   0x08003fbc   0x00000010   Code   RO         3601    i.__mathlib_flt_underflow  m_wm.l(funder.o)
    0x08003fcc   0x08003fcc   0x0000000e   Code   RO         3662    i.__scatterload_copy  mc_w.l(handlers.o)
    0x08003fda   0x08003fda   0x00000002   Code   RO         3663    i.__scatterload_null  mc_w.l(handlers.o)
    0x08003fdc   0x08003fdc   0x0000000e   Code   RO         3664    i.__scatterload_zeroinit  mc_w.l(handlers.o)
    0x08003fea   0x08003fea   0x00000002   PAD
    0x08003fec   0x08003fec   0x0000000c   Code   RO         3634    i.__set_errno       mc_w.l(errno.o)
    0x08003ff8   0x08003ff8   0x00000184   Code   RO         3571    i._fp_digits        mc_w.l(printfa.o)
    0x0800417c   0x0800417c   0x000006dc   Code   RO         3572    i._printf_core      mc_w.l(printfa.o)
    0x08004858   0x08004858   0x00000024   Code   RO         3573    i._printf_post_padding  mc_w.l(printfa.o)
    0x0800487c   0x0800487c   0x0000002e   Code   RO         3574    i._printf_pre_padding  mc_w.l(printfa.o)
    0x080048aa   0x080048aa   0x0000000a   Code   RO         3576    i._sputc            mc_w.l(printfa.o)
    0x080048b4   0x080048b4   0x0000000c   Code   RO           43    i.delay             lcd_v2.o
    0x080048c0   0x080048c0   0x0000003e   Code   RO          339    i.keyPressed        main.o
    0x080048fe   0x080048fe   0x00000002   PAD
    0x08004900   0x08004900   0x00000204   Code   RO          340    i.main              main.o
    0x08004b04   0x08004b04   0x00000068   Code   RO          341    i.play_note         main.o
    0x08004b6c   0x08004b6c   0x00000050   Code   RO          342    i.readCol           main.o
    0x08004bbc   0x08004bbc   0x00000104   Code   RO          343    i.refresh_distance  main.o
    0x08004cc0   0x08004cc0   0x00000204   Code   RO          344    i.refresh_note      main.o
    0x08004ec4   0x08004ec4   0x00000040   Code   RO          345    i.selectRow         main.o
    0x08004f04   0x08004f04   0x0000037c   Code   RO          346    i.showFenetrePrincipal  main.o
    0x08005280   0x08005280   0x000000d0   Code   RO          347    i.showGammeMenu     main.o
    0x08005350   0x08005350   0x000000f0   Code   RO          348    i.showInstrumentMenu  main.o
    0x08005440   0x08005440   0x000000d0   Code   RO          349    i.showModeMenu      main.o
    0x08005510   0x08005510   0x0000008c   Code   RO          350    i.showNoteMode0     main.o
    0x0800559c   0x0800559c   0x00000048   Code   RO          351    i.showNoteMode1     main.o
    0x080055e4   0x080055e4   0x00000068   Code   RO          352    i.showNoteMode2     main.o
    0x0800564c   0x0800564c   0x00000134   Code   RO          353    i.update_tab        main.o
    0x08005780   0x08005780   0x00000348   Data   RO           45    .constdata          lcd_v2.o
    0x08005ac8   0x08005ac8   0x00001bcc   Data   RO          355    .constdata          main.o
    0x08007694   0x08007694   0x00000154   Data   RO          356    .constdata          main.o
    0x080077e8   0x080077e8   0x00000154   Data   RO          357    .constdata          main.o
    0x0800793c   0x0800793c   0x00000154   Data   RO          358    .constdata          main.o
    0x08007a90   0x08007a90   0x00000154   Data   RO          359    .constdata          main.o
    0x08007be4   0x08007be4   0x00000008   Data   RO         2920    .constdata          stm32f4xx_hal_dma.o
    0x08007bec   0x08007bec   0x00000010   Data   RO         3511    .constdata          system_stm32f4xx.o
    0x08007bfc   0x08007bfc   0x00000008   Data   RO         3512    .constdata          system_stm32f4xx.o
    0x08007c04   0x08007c04   0x00000140   Data   RO         3547    .constdata          m_wm.l(powf.o)
    0x08007d44   0x08007d44   0x00000020   Data   RO         3660    Region$$Table       anon$$obj.o


    Execution Region RW_IRAM1 (Exec base: 0x20000000, Load base: 0x08007d64, Size: 0x00004698, Max: 0x00020000, ABSOLUTE)

    Exec Addr    Load Addr    Size         Type   Attr      Idx    E Section Name        Object

    0x20000000   0x08007d64   0x0000000f   Data   RW           46    .data               lcd_v2.o
    0x2000000f   0x08007d73   0x00000001   PAD
    0x20000010   0x08007d74   0x0000007c   Data   RW          369    .data               main.o
    0x2000008c   0x08007df0   0x00000010   Data   RW          370    .data               main.o
    0x2000009c   0x08007e00   0x00000010   Data   RW          371    .data               main.o
    0x200000ac   0x08007e10   0x00000010   Data   RW          372    .data               main.o
    0x200000bc   0x08007e20   0x00000010   Data   RW          373    .data               main.o
    0x200000cc   0x08007e30   0x00000010   Data   RW          374    .data               main.o
    0x200000dc   0x08007e40   0x0000000c   Data   RW         3363    .data               stm32f4xx_hal.o
    0x200000e8   0x08007e4c   0x00000004   Data   RW         3513    .data               system_stm32f4xx.o
    0x200000ec   0x08007e50   0x00000004   Data   RW         3635    .data               mc_w.l(errno.o)
    0x200000f0        -       0x00000100   Zero   RW           44    .bss                lcd_v2.o
    0x200001f0        -       0x00003edc   Zero   RW          354    .bss                main.o
    0x200040cc        -       0x00000074   Zero   RW          679    .bss                dac.o
    0x20004140        -       0x00000114   Zero   RW          751    .bss                tim.o
    0x20004254        -       0x00000040   Zero   RW          808    .bss                usart.o
    0x20004294   0x08007e54   0x00000004   PAD
    0x20004298        -       0x00000400   Zero   RW            1    STACK               startup_stm32f446xx.o


==============================================================================

Image component sizes


      Code (inc. data)   RO Data    RW Data    ZI Data      Debug   Object Name

       232         60          0          0        116       1769   dac.o
        60          4          0          0          0        802   dma.o
       220         20          0          0          0       1027   gpio.o
      3418        222        840         15        256     723553   lcd_v2.o
      4396        534       8476        204      16092     702195   main.o
        36          8        452          0       1024        856   startup_stm32f446xx.o
       180         28          0         12          0       4729   stm32f4xx_hal.o
       228         14          0          0          0      32329   stm32f4xx_hal_cortex.o
       418         26          0          0          0       6622   stm32f4xx_hal_dac.o
        54          0          0          0          0       3485   stm32f4xx_hal_dac_ex.o
       912         16          8          0          0       5967   stm32f4xx_hal_dma.o
       440         42          0          0          0       3155   stm32f4xx_hal_gpio.o
       132          6          0          0          0        950   stm32f4xx_hal_msp.o
       380         48          0          0          0       3474   stm32f4xx_hal_rcc.o
       984         30          0          0          0       2774   stm32f4xx_hal_rcc_ex.o
      2440        118          0          0          0      22408   stm32f4xx_hal_tim.o
        84          0          0          0          0       2494   stm32f4xx_hal_tim_ex.o
       782          8          0          0          0       2116   stm32f4xx_hal_uart.o
        78         30          0          0          0       3855   stm32f4xx_it.o
        84         18         24          4          0       1219   system_stm32f4xx.o
       744        118          0          0        276       4104   tim.o
       152         38          0          0         64       1722   usart.o

    ----------------------------------------------------------------------
     16474       1388       9832        236      17832    1531605   Object Totals
         0          0         32          0          0          0   (incl. Generated)
        20          0          0          1          4          0   (incl. Padding)

    ----------------------------------------------------------------------

      Code (inc. data)   RO Data    RW Data    ZI Data      Debug   Library Member Name

        38          0          0          0          0        116   fpclassifyf.o
        74         24          0          0          0        580   funder.o
      1636        110        320          0          0        372   powf.o
         0          0          0          0          0          0   entry.o
         0          0          0          0          0          0   entry10a.o
         0          0          0          0          0          0   entry11a.o
         8          4          0          0          0          0   entry2.o
         4          0          0          0          0          0   entry5.o
         0          0          0          0          0          0   entry7b.o
         0          0          0          0          0          0   entry8b.o
         8          4          0          0          0          0   entry9a.o
        12          6          0          4          0         68   errno.o
        30          0          0          0          0          0   handlers.o
        36          8          0          0          0         68   init.o
         0          0          0          0          0          0   iusefp.o
        30          0          0          0          0         68   llshl.o
        36          0          0          0          0         68   llsshr.o
        32          0          0          0          0         68   llushr.o
      2272         86          0          0          0        516   printfa.o
        44          0          0          0          0         80   uidiv.o
        98          0          0          0          0         92   uldiv.o
        48          0          0          0          0         68   cdrcmple.o
       334          0          0          0          0        148   dadd.o
       222          0          0          0          0        100   ddiv.o
       186          0          0          0          0        176   depilogue.o
        48          0          0          0          0         68   dfixul.o
       228          0          0          0          0         96   dmul.o
        38          0          0          0          0         68   f2d.o
         4          0          0          0          0         68   fpstat.o

    ----------------------------------------------------------------------
      5474        242        320          4          0       2888   Library Totals
         8          0          0          0          0          0   (incl. Padding)

    ----------------------------------------------------------------------

      Code (inc. data)   RO Data    RW Data    ZI Data      Debug   Library Name

      1748        134        320          0          0       1068   m_wm.l
      2610        108          0          4          0       1028   mc_w.l
      1108          0          0          0          0        792   mf_w.l

    ----------------------------------------------------------------------
      5474        242        320          4          0       2888   Library Totals

    ----------------------------------------------------------------------

==============================================================================


      Code (inc. data)   RO Data    RW Data    ZI Data      Debug   

     21948       1630      10152        240      17832    1519913   Grand Totals
     21948       1630      10152        240      17832    1519913   ELF Image Totals
     21948       1630      10152        240          0          0   ROM Totals

==============================================================================

    Total RO  Size (Code + RO Data)                32100 (  31.35kB)
    Total RW  Size (RW Data + ZI Data)             18072 (  17.65kB)
    Total ROM Size (Code + RO Data + RW Data)      32340 (  31.58kB)

==============================================================================

